
*** Running vivado
    with args -log top.vdi -applog -m64 -product Vivado -messageDb vivado.pb -mode batch -source top.tcl -notrace



****** Vivado v2025.1 (64-bit)
  **** SW Build 6140274 on Thu May 22 00:12:29 MDT 2025
  **** IP Build 6138677 on Thu May 22 03:10:11 MDT 2025
  **** SharedData Build 6139179 on Tue May 20 17:58:58 MDT 2025
  **** Start of session at: Mon Apr 27 13:46:49 2026
    ** Copyright 1986-2022 Xilinx, Inc. All Rights Reserved.
    ** Copyright 2022-2025 Advanced Micro Devices, Inc. All Rights Reserved.

source top.tcl -notrace
create_project: Time (s): cpu = 00:00:13 ; elapsed = 00:00:09 . Memory (MB): peak = 540.406 ; gain = 245.930
INFO: [IP_Flow 19-234] Refreshing IP repositories
INFO: [IP_Flow 19-1700] Loaded user IP repository 'c:/Users/patsn/Downloads/RD_hdmi_ip2020'.
INFO: [IP_Flow 19-2313] Loaded Vivado IP repository 'C:/Xilinx/2025.1/Vivado/data/ip'.
WARNING: [IP_Flow 19-4995] The host OS only allows 260 characters in a normal path. The IP cache path is more than 80 characters. If you experience issues with IP caching, please consider changing the IP cache to a location with a shorter path. Alternately consider using the OS subst command to map part of the path to a drive letter. 
Current IP cache path is C:/Users/patsn/OneDrive/Documents/fpga-projects/fpga_real_time_video_processing_pipeline/vivado/fpga_video_processing/fpga_video_processing.cache/ip 
Command: link_design -top top -part xc7s50csga324-1
Design is defaulting to srcset: sources_1
Design is defaulting to constrset: constrs_1
INFO: [Device 21-403] Loading part xc7s50csga324-1
INFO: [Project 1-5699] Read binary netlist with skipMacroContent - 1
INFO: [Project 1-454] Reading design checkpoint 'c:/Users/patsn/OneDrive/Documents/fpga-projects/fpga_real_time_video_processing_pipeline/vivado/fpga_video_processing/fpga_video_processing.gen/sources_1/ip/clk_wiz_0/clk_wiz_0.dcp' for cell 'clk_gen'
INFO: [Project 1-454] Reading design checkpoint 'c:/Users/patsn/OneDrive/Documents/fpga-projects/fpga_real_time_video_processing_pipeline/vivado/fpga_video_processing/fpga_video_processing.gen/sources_1/ip/blk_mem_gen_0/blk_mem_gen_0.dcp' for cell 'frame_buffer'
INFO: [Project 1-454] Reading design checkpoint 'c:/Users/patsn/OneDrive/Documents/fpga-projects/fpga_real_time_video_processing_pipeline/vivado/fpga_video_processing/fpga_video_processing.gen/sources_1/ip/hdmi_tx_0/hdmi_tx_0.dcp' for cell 'hdmi_inst'
Netlist sorting complete. Time (s): cpu = 00:00:00 ; elapsed = 00:00:00.050 . Memory (MB): peak = 749.812 ; gain = 0.000
INFO: [Netlist 29-17] Analyzing 390 Unisim elements for replacement
INFO: [Netlist 29-28] Unisim Transformation completed in 0 CPU seconds
INFO: [Project 1-479] Netlist was created with Vivado 2025.1
INFO: [Project 1-570] Preparing netlist for logic optimization
Parsing XDC File [c:/Users/patsn/OneDrive/Documents/fpga-projects/fpga_real_time_video_processing_pipeline/vivado/fpga_video_processing/fpga_video_processing.gen/sources_1/ip/clk_wiz_0/clk_wiz_0_board.xdc] for cell 'clk_gen/inst'
Finished Parsing XDC File [c:/Users/patsn/OneDrive/Documents/fpga-projects/fpga_real_time_video_processing_pipeline/vivado/fpga_video_processing/fpga_video_processing.gen/sources_1/ip/clk_wiz_0/clk_wiz_0_board.xdc] for cell 'clk_gen/inst'
Parsing XDC File [c:/Users/patsn/OneDrive/Documents/fpga-projects/fpga_real_time_video_processing_pipeline/vivado/fpga_video_processing/fpga_video_processing.gen/sources_1/ip/clk_wiz_0/clk_wiz_0.xdc] for cell 'clk_gen/inst'
INFO: [Timing 38-35] Done setting XDC timing constraints. [c:/Users/patsn/OneDrive/Documents/fpga-projects/fpga_real_time_video_processing_pipeline/vivado/fpga_video_processing/fpga_video_processing.gen/sources_1/ip/clk_wiz_0/clk_wiz_0.xdc:54]
INFO: [Timing 38-2] Deriving generated clocks [c:/Users/patsn/OneDrive/Documents/fpga-projects/fpga_real_time_video_processing_pipeline/vivado/fpga_video_processing/fpga_video_processing.gen/sources_1/ip/clk_wiz_0/clk_wiz_0.xdc:54]
get_clocks: Time (s): cpu = 00:00:07 ; elapsed = 00:00:08 . Memory (MB): peak = 1323.641 ; gain = 446.008
Finished Parsing XDC File [c:/Users/patsn/OneDrive/Documents/fpga-projects/fpga_real_time_video_processing_pipeline/vivado/fpga_video_processing/fpga_video_processing.gen/sources_1/ip/clk_wiz_0/clk_wiz_0.xdc] for cell 'clk_gen/inst'
Parsing XDC File [C:/Users/patsn/OneDrive/Documents/fpga-projects/fpga_real_time_video_processing_pipeline/src/ece385_camera.xdc]
INFO: [Vivado 12-4777] Setting CLOCK_DEDICATED_ROUTE constraint on the PARENT net instead of the specified net segment (net name: clk_gen/inst/clk_in1). Placer only honors CLOCK_DEDICATED_ROUTE when set on the PARENT net, e.g. net segment directly connected to the driver. To eliminate this message, please update your constraint to specify the PARENT net instead. [C:/Users/patsn/OneDrive/Documents/fpga-projects/fpga_real_time_video_processing_pipeline/src/ece385_camera.xdc:171]
Finished Parsing XDC File [C:/Users/patsn/OneDrive/Documents/fpga-projects/fpga_real_time_video_processing_pipeline/src/ece385_camera.xdc]
INFO: [Opt 31-138] Pushed 0 inverter(s) to 0 load pin(s).
Netlist sorting complete. Time (s): cpu = 00:00:00 ; elapsed = 00:00:00.002 . Memory (MB): peak = 1323.641 ; gain = 0.000
INFO: [Project 1-111] Unisim Transformation Summary:
  A total of 200 instances were transformed.
  RAM64M => RAM64M (RAMD64E(x4)): 200 instances

17 Infos, 1 Warnings, 0 Critical Warnings and 0 Errors encountered.
link_design completed successfully
link_design: Time (s): cpu = 00:00:12 ; elapsed = 00:00:15 . Memory (MB): peak = 1323.641 ; gain = 768.625
Command: opt_design
Attempting to get a license for feature 'Implementation' and/or device 'xc7s50'
INFO: [Common 17-349] Got license for feature 'Implementation' and/or device 'xc7s50'
Running DRC as a precondition to command opt_design

Starting DRC Task
INFO: [DRC 23-27] Running DRC with 2 threads
INFO: [Project 1-461] DRC finished with 0 Errors, 1 Warnings
INFO: [Project 1-462] Please refer to the DRC report (report_drc) for more information.

Time (s): cpu = 00:00:03 ; elapsed = 00:00:02 . Memory (MB): peak = 1323.641 ; gain = 0.000

Starting Cache Timing Information Task
INFO: [Timing 38-35] Done setting XDC timing constraints.
INFO: [Timing 38-2] Deriving generated clocks
Ending Cache Timing Information Task | Checksum: 290787067

Time (s): cpu = 00:00:01 ; elapsed = 00:00:00.337 . Memory (MB): peak = 1351.773 ; gain = 28.133

Starting Logic Optimization Task

Phase 1 Initialization

Phase 1.1 Core Generation And Design Setup
Phase 1.1 Core Generation And Design Setup | Checksum: 290787067

Time (s): cpu = 00:00:00 ; elapsed = 00:00:00.009 . Memory (MB): peak = 1776.109 ; gain = 0.000

Phase 1.2 Setup Constraints And Sort Netlist
Phase 1.2 Setup Constraints And Sort Netlist | Checksum: 290787067

Time (s): cpu = 00:00:00 ; elapsed = 00:00:00.017 . Memory (MB): peak = 1776.109 ; gain = 0.000
Phase 1 Initialization | Checksum: 290787067

Time (s): cpu = 00:00:00 ; elapsed = 00:00:00.019 . Memory (MB): peak = 1776.109 ; gain = 0.000

Phase 2 Timer Update And Timing Data Collection

Phase 2.1 Timer Update
Phase 2.1 Timer Update | Checksum: 290787067

Time (s): cpu = 00:00:00 ; elapsed = 00:00:00.470 . Memory (MB): peak = 1776.109 ; gain = 0.000

Phase 2.2 Timing Data Collection
Phase 2.2 Timing Data Collection | Checksum: 290787067

Time (s): cpu = 00:00:00 ; elapsed = 00:00:00.488 . Memory (MB): peak = 1776.109 ; gain = 0.000
Phase 2 Timer Update And Timing Data Collection | Checksum: 290787067

Time (s): cpu = 00:00:00 ; elapsed = 00:00:00.490 . Memory (MB): peak = 1776.109 ; gain = 0.000

Phase 3 Retarget
INFO: [Opt 31-1851] Number of loadless carry chains removed were: 0
INFO: [Opt 31-1834] Total Chains To Be Transformed Were: 0 AND Number of Transformed insts Created are: 0
INFO: [Opt 31-138] Pushed 1 inverter(s) to 14 load pin(s).
INFO: [Opt 31-49] Retargeted 0 cell(s).
Phase 3 Retarget | Checksum: 28bcfd0a9

Time (s): cpu = 00:00:01 ; elapsed = 00:00:00.584 . Memory (MB): peak = 1776.109 ; gain = 0.000
Retarget | Checksum: 28bcfd0a9
INFO: [Opt 31-389] Phase Retarget created 0 cells and removed 2 cells
INFO: [Opt 31-1021] In phase Retarget, 1 netlist objects are constrained preventing optimization. Please run opt_design with -debug_log to get more detail. 

Phase 4 Constant propagation
INFO: [Opt 31-138] Pushed 6 inverter(s) to 9 load pin(s).
Phase 4 Constant propagation | Checksum: 1ecbc69de

Time (s): cpu = 00:00:01 ; elapsed = 00:00:00.722 . Memory (MB): peak = 1776.109 ; gain = 0.000
Constant propagation | Checksum: 1ecbc69de
INFO: [Opt 31-389] Phase Constant propagation created 114 cells and removed 275 cells

Phase 5 Sweep
INFO: [Constraints 18-11670] Building netlist checker database with flags, 0x8
Done building netlist checker database: Time (s): cpu = 00:00:00 ; elapsed = 00:00:00.003 . Memory (MB): peak = 1776.109 ; gain = 0.000
INFO: [Constraints 18-11670] Building netlist checker database with flags, 0x8
Done building netlist checker database: Time (s): cpu = 00:00:00 ; elapsed = 00:00:00.003 . Memory (MB): peak = 1776.109 ; gain = 0.000
Phase 5 Sweep | Checksum: 1fe5cc784

Time (s): cpu = 00:00:01 ; elapsed = 00:00:00.843 . Memory (MB): peak = 1776.109 ; gain = 0.000
Sweep | Checksum: 1fe5cc784
INFO: [Opt 31-389] Phase Sweep created 1 cells and removed 23 cells

Phase 6 BUFG optimization
Phase 6 BUFG optimization | Checksum: 1fe5cc784

Time (s): cpu = 00:00:01 ; elapsed = 00:00:00.934 . Memory (MB): peak = 1776.109 ; gain = 0.000
BUFG optimization | Checksum: 1fe5cc784
INFO: [Opt 31-662] Phase BUFG optimization created 0 cells of which 0 are BUFGs and removed 0 cells.

Phase 7 Shift Register Optimization
INFO: [Opt 31-1064] SRL Remap converted 0 SRLs to 0 registers and converted 0 registers of register chains to 0 SRLs
Phase 7 Shift Register Optimization | Checksum: 1fe5cc784

Time (s): cpu = 00:00:01 ; elapsed = 00:00:00.944 . Memory (MB): peak = 1776.109 ; gain = 0.000
Shift Register Optimization | Checksum: 1fe5cc784
INFO: [Opt 31-389] Phase Shift Register Optimization created 0 cells and removed 0 cells

Phase 8 Post Processing Netlist
Phase 8 Post Processing Netlist | Checksum: 1fe5cc784

Time (s): cpu = 00:00:01 ; elapsed = 00:00:00.969 . Memory (MB): peak = 1776.109 ; gain = 0.000
Post Processing Netlist | Checksum: 1fe5cc784
INFO: [Opt 31-389] Phase Post Processing Netlist created 0 cells and removed 0 cells

Phase 9 Finalization

Phase 9.1 Finalizing Design Cores and Updating Shapes
Phase 9.1 Finalizing Design Cores and Updating Shapes | Checksum: 2705406a5

Time (s): cpu = 00:00:01 ; elapsed = 00:00:01 . Memory (MB): peak = 1776.109 ; gain = 0.000

Phase 9.2 Verifying Netlist Connectivity

Starting Connectivity Check Task

Time (s): cpu = 00:00:00 ; elapsed = 00:00:00.022 . Memory (MB): peak = 1776.109 ; gain = 0.000
Phase 9.2 Verifying Netlist Connectivity | Checksum: 2705406a5

Time (s): cpu = 00:00:01 ; elapsed = 00:00:01 . Memory (MB): peak = 1776.109 ; gain = 0.000
Phase 9 Finalization | Checksum: 2705406a5

Time (s): cpu = 00:00:01 ; elapsed = 00:00:01 . Memory (MB): peak = 1776.109 ; gain = 0.000
Opt_design Change Summary
=========================


-------------------------------------------------------------------------------------------------------------------------
|  Phase                        |  #Cells created  |  #Cells Removed  |  #Constrained objects preventing optimizations  |
-------------------------------------------------------------------------------------------------------------------------
|  Retarget                     |               0  |               2  |                                              1  |
|  Constant propagation         |             114  |             275  |                                              0  |
|  Sweep                        |               1  |              23  |                                              0  |
|  BUFG optimization            |               0  |               0  |                                              0  |
|  Shift Register Optimization  |               0  |               0  |                                              0  |
|  Post Processing Netlist      |               0  |               0  |                                              0  |
-------------------------------------------------------------------------------------------------------------------------


Ending Logic Optimization Task | Checksum: 2705406a5

Time (s): cpu = 00:00:01 ; elapsed = 00:00:01 . Memory (MB): peak = 1776.109 ; gain = 0.000

Starting Power Optimization Task
INFO: [Pwropt 34-132] Skipping clock gating for clocks with a period < 2.00 ns.
INFO: [Timing 38-35] Done setting XDC timing constraints.
Running Vector-less Activity Propagation...

Finished Running Vector-less Activity Propagation
INFO: [Pwropt 34-9] Applying IDT optimizations ...
INFO: [Pwropt 34-10] Applying ODC optimizations ...


Starting PowerOpt Patch Enables Task
INFO: [Pwropt 34-162] WRITE_MODE attribute of 31 BRAM(s) out of a total of 38 has been updated to save power. Run report_power_opt to get a complete listing of the BRAMs updated.
INFO: [Pwropt 34-201] Structural ODC has moved 0 WE to EN ports
Number of BRAM Ports augmented: 59 newly gated: 31 Total Ports: 76
Number of Flops added for Enable Generation: 1

Ending PowerOpt Patch Enables Task | Checksum: 1aa51ca92

Time (s): cpu = 00:00:00 ; elapsed = 00:00:00.291 . Memory (MB): peak = 1930.629 ; gain = 0.000
Ending Power Optimization Task | Checksum: 1aa51ca92

Time (s): cpu = 00:00:08 ; elapsed = 00:00:07 . Memory (MB): peak = 1930.629 ; gain = 154.520

Starting Final Cleanup Task

Starting Logic Optimization Task
INFO: [Timing 38-35] Done setting XDC timing constraints.
Ending Logic Optimization Task | Checksum: 166180ce8

Time (s): cpu = 00:00:01 ; elapsed = 00:00:00.840 . Memory (MB): peak = 1930.629 ; gain = 0.000
Ending Final Cleanup Task | Checksum: 166180ce8

Time (s): cpu = 00:00:07 ; elapsed = 00:00:07 . Memory (MB): peak = 1930.629 ; gain = 0.000

Starting Netlist Obfuscation Task
Netlist sorting complete. Time (s): cpu = 00:00:00 ; elapsed = 00:00:00.002 . Memory (MB): peak = 1930.629 ; gain = 0.000
Ending Netlist Obfuscation Task | Checksum: 166180ce8

Time (s): cpu = 00:00:00 ; elapsed = 00:00:00.004 . Memory (MB): peak = 1930.629 ; gain = 0.000
INFO: [Common 17-83] Releasing license: Implementation
46 Infos, 1 Warnings, 0 Critical Warnings and 0 Errors encountered.
opt_design completed successfully
opt_design: Time (s): cpu = 00:00:26 ; elapsed = 00:00:24 . Memory (MB): peak = 1930.629 ; gain = 606.988
INFO: [Vivado 12-24828] Executing command : report_drc -file top_drc_opted.rpt -pb top_drc_opted.pb -rpx top_drc_opted.rpx
Command: report_drc -file top_drc_opted.rpt -pb top_drc_opted.pb -rpx top_drc_opted.rpx
INFO: [IP_Flow 19-1839] IP Catalog is up to date.
INFO: [DRC 23-27] Running DRC with 2 threads
INFO: [Vivado_Tcl 2-168] The results of DRC are in file C:/Users/patsn/OneDrive/Documents/fpga-projects/fpga_real_time_video_processing_pipeline/vivado/fpga_video_processing/fpga_video_processing.runs/impl_1/top_drc_opted.rpt.
report_drc completed successfully
INFO: [Timing 38-35] Done setting XDC timing constraints.
INFO: [Timing 38-480] Writing timing data to binary archive.
Write ShapeDB Complete: Time (s): cpu = 00:00:00 ; elapsed = 00:00:00.015 . Memory (MB): peak = 1930.629 ; gain = 0.000
Wrote PlaceDB: Time (s): cpu = 00:00:00 ; elapsed = 00:00:00.016 . Memory (MB): peak = 1930.629 ; gain = 0.000
Wrote PulsedLatchDB: Time (s): cpu = 00:00:00 ; elapsed = 00:00:00 . Memory (MB): peak = 1930.629 ; gain = 0.000
Writing XDEF routing.
Writing XDEF routing logical nets.
Writing XDEF routing special nets.
Wrote RouteStorage: Time (s): cpu = 00:00:00 ; elapsed = 00:00:00.028 . Memory (MB): peak = 1930.629 ; gain = 0.000
Wrote Netlist Cache: Time (s): cpu = 00:00:00 ; elapsed = 00:00:00.001 . Memory (MB): peak = 1930.629 ; gain = 0.000
Wrote Device Cache: Time (s): cpu = 00:00:00 ; elapsed = 00:00:00.010 . Memory (MB): peak = 1930.629 ; gain = 0.000
Write Physdb Complete: Time (s): cpu = 00:00:00 ; elapsed = 00:00:00.065 . Memory (MB): peak = 1930.629 ; gain = 0.000
INFO: [Common 17-1381] The checkpoint 'C:/Users/patsn/OneDrive/Documents/fpga-projects/fpga_real_time_video_processing_pipeline/vivado/fpga_video_processing/fpga_video_processing.runs/impl_1/top_opt.dcp' has been generated.
Command: place_design
Attempting to get a license for feature 'Implementation' and/or device 'xc7s50'
INFO: [Common 17-349] Got license for feature 'Implementation' and/or device 'xc7s50'
INFO: [Common 17-83] Releasing license: Implementation
INFO: [DRC 23-27] Running DRC with 2 threads
INFO: [Vivado_Tcl 4-198] DRC finished with 0 Errors
INFO: [Vivado_Tcl 4-199] Please refer to the DRC report (report_drc) for more information.
Running DRC as a precondition to command place_design
INFO: [DRC 23-27] Running DRC with 2 threads
INFO: [Vivado_Tcl 4-198] DRC finished with 0 Errors, 43 Warnings
INFO: [Vivado_Tcl 4-199] Please refer to the DRC report (report_drc) for more information.
INFO: [Place 30-611] Multithreading enabled for place_design using a maximum of 2 CPUs

Starting Placer Task

Phase 1 Placer Initialization

Phase 1.1 Placer Initialization Netlist Sorting
Netlist sorting complete. Time (s): cpu = 00:00:00 ; elapsed = 00:00:00.003 . Memory (MB): peak = 1930.629 ; gain = 0.000
Phase 1.1 Placer Initialization Netlist Sorting | Checksum: 14cd170f5

Time (s): cpu = 00:00:00 ; elapsed = 00:00:00.011 . Memory (MB): peak = 1930.629 ; gain = 0.000
Netlist sorting complete. Time (s): cpu = 00:00:00 ; elapsed = 00:00:00.002 . Memory (MB): peak = 1930.629 ; gain = 0.000

Phase 1.2 IO Placement/ Clock Placement/ Build Placer Device

*** Running vivado
    with args -log top.vdi -applog -m64 -product Vivado -messageDb vivado.pb -mode batch -source top.tcl -notrace



****** Vivado v2025.1 (64-bit)
  **** SW Build 6140274 on Thu May 22 00:12:29 MDT 2025
  **** IP Build 6138677 on Thu May 22 03:10:11 MDT 2025
  **** SharedData Build 6139179 on Tue May 20 17:58:58 MDT 2025
  **** Start of session at: Mon Apr 27 13:49:59 2026
    ** Copyright 1986-2022 Xilinx, Inc. All Rights Reserved.
    ** Copyright 2022-2025 Advanced Micro Devices, Inc. All Rights Reserved.

source top.tcl -notrace
create_project: Time (s): cpu = 00:00:13 ; elapsed = 00:00:09 . Memory (MB): peak = 542.547 ; gain = 248.980
INFO: [IP_Flow 19-234] Refreshing IP repositories
INFO: [IP_Flow 19-1700] Loaded user IP repository 'c:/Users/patsn/Downloads/RD_hdmi_ip2020'.
INFO: [IP_Flow 19-2313] Loaded Vivado IP repository 'C:/Xilinx/2025.1/Vivado/data/ip'.
WARNING: [IP_Flow 19-4995] The host OS only allows 260 characters in a normal path. The IP cache path is more than 80 characters. If you experience issues with IP caching, please consider changing the IP cache to a location with a shorter path. Alternately consider using the OS subst command to map part of the path to a drive letter. 
Current IP cache path is C:/Users/patsn/OneDrive/Documents/fpga-projects/fpga_real_time_video_processing_pipeline/vivado/fpga_video_processing/fpga_video_processing.cache/ip 
Command: link_design -top top -part xc7s50csga324-1
Design is defaulting to srcset: sources_1
Design is defaulting to constrset: constrs_1
INFO: [Device 21-403] Loading part xc7s50csga324-1
INFO: [Project 1-5699] Read binary netlist with skipMacroContent - 1
INFO: [Project 1-454] Reading design checkpoint 'c:/Users/patsn/OneDrive/Documents/fpga-projects/fpga_real_time_video_processing_pipeline/vivado/fpga_video_processing/fpga_video_processing.gen/sources_1/ip/clk_wiz_0/clk_wiz_0.dcp' for cell 'clk_gen'
INFO: [Project 1-454] Reading design checkpoint 'c:/Users/patsn/OneDrive/Documents/fpga-projects/fpga_real_time_video_processing_pipeline/vivado/fpga_video_processing/fpga_video_processing.gen/sources_1/ip/blk_mem_gen_0/blk_mem_gen_0.dcp' for cell 'frame_buffer'
INFO: [Project 1-454] Reading design checkpoint 'c:/Users/patsn/OneDrive/Documents/fpga-projects/fpga_real_time_video_processing_pipeline/vivado/fpga_video_processing/fpga_video_processing.gen/sources_1/ip/hdmi_tx_0/hdmi_tx_0.dcp' for cell 'hdmi_inst'
Netlist sorting complete. Time (s): cpu = 00:00:00 ; elapsed = 00:00:00.045 . Memory (MB): peak = 748.773 ; gain = 0.000
INFO: [Netlist 29-17] Analyzing 396 Unisim elements for replacement
INFO: [Netlist 29-28] Unisim Transformation completed in 1 CPU seconds
INFO: [Project 1-479] Netlist was created with Vivado 2025.1
INFO: [Project 1-570] Preparing netlist for logic optimization
Parsing XDC File [c:/Users/patsn/OneDrive/Documents/fpga-projects/fpga_real_time_video_processing_pipeline/vivado/fpga_video_processing/fpga_video_processing.gen/sources_1/ip/clk_wiz_0/clk_wiz_0_board.xdc] for cell 'clk_gen/inst'
Finished Parsing XDC File [c:/Users/patsn/OneDrive/Documents/fpga-projects/fpga_real_time_video_processing_pipeline/vivado/fpga_video_processing/fpga_video_processing.gen/sources_1/ip/clk_wiz_0/clk_wiz_0_board.xdc] for cell 'clk_gen/inst'
Parsing XDC File [c:/Users/patsn/OneDrive/Documents/fpga-projects/fpga_real_time_video_processing_pipeline/vivado/fpga_video_processing/fpga_video_processing.gen/sources_1/ip/clk_wiz_0/clk_wiz_0.xdc] for cell 'clk_gen/inst'
INFO: [Timing 38-35] Done setting XDC timing constraints. [c:/Users/patsn/OneDrive/Documents/fpga-projects/fpga_real_time_video_processing_pipeline/vivado/fpga_video_processing/fpga_video_processing.gen/sources_1/ip/clk_wiz_0/clk_wiz_0.xdc:54]
INFO: [Timing 38-2] Deriving generated clocks [c:/Users/patsn/OneDrive/Documents/fpga-projects/fpga_real_time_video_processing_pipeline/vivado/fpga_video_processing/fpga_video_processing.gen/sources_1/ip/clk_wiz_0/clk_wiz_0.xdc:54]
get_clocks: Time (s): cpu = 00:00:08 ; elapsed = 00:00:08 . Memory (MB): peak = 1323.520 ; gain = 444.848
Finished Parsing XDC File [c:/Users/patsn/OneDrive/Documents/fpga-projects/fpga_real_time_video_processing_pipeline/vivado/fpga_video_processing/fpga_video_processing.gen/sources_1/ip/clk_wiz_0/clk_wiz_0.xdc] for cell 'clk_gen/inst'
Parsing XDC File [C:/Users/patsn/OneDrive/Documents/fpga-projects/fpga_real_time_video_processing_pipeline/src/ece385_camera.xdc]
INFO: [Vivado 12-4777] Setting CLOCK_DEDICATED_ROUTE constraint on the PARENT net instead of the specified net segment (net name: clk_gen/inst/clk_in1). Placer only honors CLOCK_DEDICATED_ROUTE when set on the PARENT net, e.g. net segment directly connected to the driver. To eliminate this message, please update your constraint to specify the PARENT net instead. [C:/Users/patsn/OneDrive/Documents/fpga-projects/fpga_real_time_video_processing_pipeline/src/ece385_camera.xdc:171]
Finished Parsing XDC File [C:/Users/patsn/OneDrive/Documents/fpga-projects/fpga_real_time_video_processing_pipeline/src/ece385_camera.xdc]
INFO: [Opt 31-138] Pushed 0 inverter(s) to 0 load pin(s).
Netlist sorting complete. Time (s): cpu = 00:00:00 ; elapsed = 00:00:00.002 . Memory (MB): peak = 1323.520 ; gain = 0.000
INFO: [Project 1-111] Unisim Transformation Summary:
  A total of 200 instances were transformed.
  RAM64M => RAM64M (RAMD64E(x4)): 200 instances

17 Infos, 1 Warnings, 0 Critical Warnings and 0 Errors encountered.
link_design completed successfully
link_design: Time (s): cpu = 00:00:13 ; elapsed = 00:00:15 . Memory (MB): peak = 1323.520 ; gain = 767.703
Command: opt_design
Attempting to get a license for feature 'Implementation' and/or device 'xc7s50'
INFO: [Common 17-349] Got license for feature 'Implementation' and/or device 'xc7s50'
Running DRC as a precondition to command opt_design

Starting DRC Task
INFO: [DRC 23-27] Running DRC with 2 threads
INFO: [Project 1-461] DRC finished with 0 Errors, 1 Warnings
INFO: [Project 1-462] Please refer to the DRC report (report_drc) for more information.

Time (s): cpu = 00:00:03 ; elapsed = 00:00:02 . Memory (MB): peak = 1323.520 ; gain = 0.000

Starting Cache Timing Information Task
INFO: [Timing 38-35] Done setting XDC timing constraints.
INFO: [Timing 38-2] Deriving generated clocks
Ending Cache Timing Information Task | Checksum: 1d8691cf7

Time (s): cpu = 00:00:00 ; elapsed = 00:00:00.279 . Memory (MB): peak = 1357.633 ; gain = 34.113

Starting Logic Optimization Task

Phase 1 Initialization

Phase 1.1 Core Generation And Design Setup
Phase 1.1 Core Generation And Design Setup | Checksum: 1d8691cf7

Time (s): cpu = 00:00:00 ; elapsed = 00:00:00.007 . Memory (MB): peak = 1780.121 ; gain = 0.000

Phase 1.2 Setup Constraints And Sort Netlist
Phase 1.2 Setup Constraints And Sort Netlist | Checksum: 1d8691cf7

Time (s): cpu = 00:00:00 ; elapsed = 00:00:00.013 . Memory (MB): peak = 1780.121 ; gain = 0.000
Phase 1 Initialization | Checksum: 1d8691cf7

Time (s): cpu = 00:00:00 ; elapsed = 00:00:00.014 . Memory (MB): peak = 1780.121 ; gain = 0.000

Phase 2 Timer Update And Timing Data Collection

Phase 2.1 Timer Update
Phase 2.1 Timer Update | Checksum: 1d8691cf7

Time (s): cpu = 00:00:00 ; elapsed = 00:00:00.349 . Memory (MB): peak = 1780.121 ; gain = 0.000

Phase 2.2 Timing Data Collection
Phase 2.2 Timing Data Collection | Checksum: 1d8691cf7

Time (s): cpu = 00:00:00 ; elapsed = 00:00:00.362 . Memory (MB): peak = 1780.121 ; gain = 0.000
Phase 2 Timer Update And Timing Data Collection | Checksum: 1d8691cf7

Time (s): cpu = 00:00:00 ; elapsed = 00:00:00.364 . Memory (MB): peak = 1780.121 ; gain = 0.000

Phase 3 Retarget
INFO: [Opt 31-1851] Number of loadless carry chains removed were: 0
INFO: [Opt 31-1834] Total Chains To Be Transformed Were: 0 AND Number of Transformed insts Created are: 0
INFO: [Opt 31-138] Pushed 1 inverter(s) to 14 load pin(s).
INFO: [Opt 31-49] Retargeted 0 cell(s).
Phase 3 Retarget | Checksum: 1a3459c2d

Time (s): cpu = 00:00:00 ; elapsed = 00:00:00.425 . Memory (MB): peak = 1780.121 ; gain = 0.000
Retarget | Checksum: 1a3459c2d
INFO: [Opt 31-389] Phase Retarget created 0 cells and removed 2 cells
INFO: [Opt 31-1021] In phase Retarget, 1 netlist objects are constrained preventing optimization. Please run opt_design with -debug_log to get more detail. 

Phase 4 Constant propagation
INFO: [Opt 31-138] Pushed 6 inverter(s) to 9 load pin(s).
Phase 4 Constant propagation | Checksum: 1b68b7202

Time (s): cpu = 00:00:00 ; elapsed = 00:00:00.509 . Memory (MB): peak = 1780.121 ; gain = 0.000
Constant propagation | Checksum: 1b68b7202
INFO: [Opt 31-389] Phase Constant propagation created 114 cells and removed 275 cells

Phase 5 Sweep
INFO: [Constraints 18-11670] Building netlist checker database with flags, 0x8
Done building netlist checker database: Time (s): cpu = 00:00:00 ; elapsed = 00:00:00.002 . Memory (MB): peak = 1780.121 ; gain = 0.000
INFO: [Constraints 18-11670] Building netlist checker database with flags, 0x8
Done building netlist checker database: Time (s): cpu = 00:00:00 ; elapsed = 00:00:00.002 . Memory (MB): peak = 1780.121 ; gain = 0.000
Phase 5 Sweep | Checksum: 1a90e7d2e

Time (s): cpu = 00:00:00 ; elapsed = 00:00:00.592 . Memory (MB): peak = 1780.121 ; gain = 0.000
Sweep | Checksum: 1a90e7d2e
INFO: [Opt 31-389] Phase Sweep created 1 cells and removed 23 cells

Phase 6 BUFG optimization
Phase 6 BUFG optimization | Checksum: 1a90e7d2e

Time (s): cpu = 00:00:01 ; elapsed = 00:00:00.673 . Memory (MB): peak = 1780.121 ; gain = 0.000
BUFG optimization | Checksum: 1a90e7d2e
INFO: [Opt 31-662] Phase BUFG optimization created 0 cells of which 0 are BUFGs and removed 0 cells.

Phase 7 Shift Register Optimization
INFO: [Opt 31-1064] SRL Remap converted 0 SRLs to 0 registers and converted 0 registers of register chains to 0 SRLs
Phase 7 Shift Register Optimization | Checksum: 1a90e7d2e

Time (s): cpu = 00:00:01 ; elapsed = 00:00:00.681 . Memory (MB): peak = 1780.121 ; gain = 0.000
Shift Register Optimization | Checksum: 1a90e7d2e
INFO: [Opt 31-389] Phase Shift Register Optimization created 0 cells and removed 0 cells

Phase 8 Post Processing Netlist
Phase 8 Post Processing Netlist | Checksum: 1a90e7d2e

Time (s): cpu = 00:00:01 ; elapsed = 00:00:00.697 . Memory (MB): peak = 1780.121 ; gain = 0.000
Post Processing Netlist | Checksum: 1a90e7d2e
INFO: [Opt 31-389] Phase Post Processing Netlist created 0 cells and removed 0 cells

Phase 9 Finalization

Phase 9.1 Finalizing Design Cores and Updating Shapes
Phase 9.1 Finalizing Design Cores and Updating Shapes | Checksum: 1eced0877

Time (s): cpu = 00:00:01 ; elapsed = 00:00:00.782 . Memory (MB): peak = 1780.121 ; gain = 0.000

Phase 9.2 Verifying Netlist Connectivity

Starting Connectivity Check Task

Time (s): cpu = 00:00:00 ; elapsed = 00:00:00.013 . Memory (MB): peak = 1780.121 ; gain = 0.000
Phase 9.2 Verifying Netlist Connectivity | Checksum: 1eced0877

Time (s): cpu = 00:00:01 ; elapsed = 00:00:00.797 . Memory (MB): peak = 1780.121 ; gain = 0.000
Phase 9 Finalization | Checksum: 1eced0877

Time (s): cpu = 00:00:01 ; elapsed = 00:00:00.799 . Memory (MB): peak = 1780.121 ; gain = 0.000
Opt_design Change Summary
=========================


-------------------------------------------------------------------------------------------------------------------------
|  Phase                        |  #Cells created  |  #Cells Removed  |  #Constrained objects preventing optimizations  |
-------------------------------------------------------------------------------------------------------------------------
|  Retarget                     |               0  |               2  |                                              1  |
|  Constant propagation         |             114  |             275  |                                              0  |
|  Sweep                        |               1  |              23  |                                              0  |
|  BUFG optimization            |               0  |               0  |                                              0  |
|  Shift Register Optimization  |               0  |               0  |                                              0  |
|  Post Processing Netlist      |               0  |               0  |                                              0  |
-------------------------------------------------------------------------------------------------------------------------


Ending Logic Optimization Task | Checksum: 1eced0877

Time (s): cpu = 00:00:01 ; elapsed = 00:00:00.802 . Memory (MB): peak = 1780.121 ; gain = 0.000

Starting Power Optimization Task
INFO: [Pwropt 34-132] Skipping clock gating for clocks with a period < 2.00 ns.
INFO: [Timing 38-35] Done setting XDC timing constraints.
Running Vector-less Activity Propagation...

Finished Running Vector-less Activity Propagation
INFO: [Pwropt 34-9] Applying IDT optimizations ...
INFO: [Pwropt 34-10] Applying ODC optimizations ...


Starting PowerOpt Patch Enables Task
INFO: [Pwropt 34-162] WRITE_MODE attribute of 31 BRAM(s) out of a total of 38 has been updated to save power. Run report_power_opt to get a complete listing of the BRAMs updated.
INFO: [Pwropt 34-201] Structural ODC has moved 0 WE to EN ports
Number of BRAM Ports augmented: 59 newly gated: 31 Total Ports: 76
Number of Flops added for Enable Generation: 1

Ending PowerOpt Patch Enables Task | Checksum: 1f6362cd8

Time (s): cpu = 00:00:00 ; elapsed = 00:00:00.254 . Memory (MB): peak = 1930.711 ; gain = 0.000
Ending Power Optimization Task | Checksum: 1f6362cd8

Time (s): cpu = 00:00:07 ; elapsed = 00:00:06 . Memory (MB): peak = 1930.711 ; gain = 150.590

Starting Final Cleanup Task

Starting Logic Optimization Task
INFO: [Timing 38-35] Done setting XDC timing constraints.
Ending Logic Optimization Task | Checksum: 2095ead02

Time (s): cpu = 00:00:01 ; elapsed = 00:00:00.735 . Memory (MB): peak = 1930.711 ; gain = 0.000
Ending Final Cleanup Task | Checksum: 2095ead02

Time (s): cpu = 00:00:09 ; elapsed = 00:00:09 . Memory (MB): peak = 1930.711 ; gain = 0.000

Starting Netlist Obfuscation Task
Netlist sorting complete. Time (s): cpu = 00:00:00 ; elapsed = 00:00:00.002 . Memory (MB): peak = 1930.711 ; gain = 0.000
Ending Netlist Obfuscation Task | Checksum: 2095ead02

Time (s): cpu = 00:00:00 ; elapsed = 00:00:00.004 . Memory (MB): peak = 1930.711 ; gain = 0.000
INFO: [Common 17-83] Releasing license: Implementation
46 Infos, 1 Warnings, 0 Critical Warnings and 0 Errors encountered.
opt_design completed successfully
opt_design: Time (s): cpu = 00:00:25 ; elapsed = 00:00:23 . Memory (MB): peak = 1930.711 ; gain = 607.191
INFO: [Vivado 12-24828] Executing command : report_drc -file top_drc_opted.rpt -pb top_drc_opted.pb -rpx top_drc_opted.rpx
Command: report_drc -file top_drc_opted.rpt -pb top_drc_opted.pb -rpx top_drc_opted.rpx
INFO: [IP_Flow 19-1839] IP Catalog is up to date.
INFO: [DRC 23-27] Running DRC with 2 threads
INFO: [Vivado_Tcl 2-168] The results of DRC are in file C:/Users/patsn/OneDrive/Documents/fpga-projects/fpga_real_time_video_processing_pipeline/vivado/fpga_video_processing/fpga_video_processing.runs/impl_1/top_drc_opted.rpt.
report_drc completed successfully
INFO: [Timing 38-35] Done setting XDC timing constraints.
INFO: [Timing 38-480] Writing timing data to binary archive.
Wrote PlaceDB: Time (s): cpu = 00:00:00 ; elapsed = 00:00:00.009 . Memory (MB): peak = 1930.711 ; gain = 0.000
Wrote PulsedLatchDB: Time (s): cpu = 00:00:00 ; elapsed = 00:00:00 . Memory (MB): peak = 1930.711 ; gain = 0.000
Write ShapeDB Complete: Time (s): cpu = 00:00:00 ; elapsed = 00:00:00.016 . Memory (MB): peak = 1930.711 ; gain = 0.000
Writing XDEF routing.
Writing XDEF routing logical nets.
Writing XDEF routing special nets.
Wrote RouteStorage: Time (s): cpu = 00:00:00 ; elapsed = 00:00:00.026 . Memory (MB): peak = 1930.711 ; gain = 0.000
Wrote Netlist Cache: Time (s): cpu = 00:00:00 ; elapsed = 00:00:00 . Memory (MB): peak = 1930.711 ; gain = 0.000
Wrote Device Cache: Time (s): cpu = 00:00:00 ; elapsed = 00:00:00.011 . Memory (MB): peak = 1930.711 ; gain = 0.000
Write Physdb Complete: Time (s): cpu = 00:00:00 ; elapsed = 00:00:00.058 . Memory (MB): peak = 1930.711 ; gain = 0.000
INFO: [Common 17-1381] The checkpoint 'C:/Users/patsn/OneDrive/Documents/fpga-projects/fpga_real_time_video_processing_pipeline/vivado/fpga_video_processing/fpga_video_processing.runs/impl_1/top_opt.dcp' has been generated.
Command: place_design
Attempting to get a license for feature 'Implementation' and/or device 'xc7s50'
INFO: [Common 17-349] Got license for feature 'Implementation' and/or device 'xc7s50'
INFO: [Common 17-83] Releasing license: Implementation
INFO: [DRC 23-27] Running DRC with 2 threads
INFO: [Vivado_Tcl 4-198] DRC finished with 0 Errors
INFO: [Vivado_Tcl 4-199] Please refer to the DRC report (report_drc) for more information.
Running DRC as a precondition to command place_design
INFO: [DRC 23-27] Running DRC with 2 threads
INFO: [Vivado_Tcl 4-198] DRC finished with 0 Errors, 43 Warnings
INFO: [Vivado_Tcl 4-199] Please refer to the DRC report (report_drc) for more information.
INFO: [Place 30-611] Multithreading enabled for place_design using a maximum of 2 CPUs

Starting Placer Task

Phase 1 Placer Initialization

Phase 1.1 Placer Initialization Netlist Sorting
Netlist sorting complete. Time (s): cpu = 00:00:00 ; elapsed = 00:00:00.004 . Memory (MB): peak = 1930.711 ; gain = 0.000
Phase 1.1 Placer Initialization Netlist Sorting | Checksum: 1d2266f9b

Time (s): cpu = 00:00:00 ; elapsed = 00:00:00.006 . Memory (MB): peak = 1930.711 ; gain = 0.000
Netlist sorting complete. Time (s): cpu = 00:00:00 ; elapsed = 00:00:00.002 . Memory (MB): peak = 1930.711 ; gain = 0.000

Phase 1.2 IO Placement/ Clock Placement/ Build Placer Device
WARNING: [Place 30-574] Poor placement for routing between an IO pin and BUFG. This is normally an ERROR but the CLOCK_DEDICATED_ROUTE constraint is set to FALSE allowing your design to continue. The use of this override is highly discouraged as it may lead to very poor timing results. It is recommended that this error condition be corrected in the design.

	cam_pclk_IBUF_inst (IBUF.O) is locked to IOB_X0Y56
	cam_pclk_IBUF_BUFG_inst (BUFG.I) is provisionally placed by clockplacer on BUFGCTRL_X0Y3
Resolution: Poor placement of an IO pin and a BUFG has resulted in the router using a non-dedicated path between the two.  There are several things that could trigger this DRC, each of which can cause unpredictable clock insertion delays that result in poor timing.  This DRC could be caused by any of the following: (a) a clock port was placed on a pin that is not a CCIO-pin (b)the BUFG has not been placed in the same half of the device or SLR as the CCIO-pin (c) a single ended clock has been placed on the N-Side of a differential pair CCIO-pin.
Phase 1.2 IO Placement/ Clock Placement/ Build Placer Device | Checksum: 23a2d16e5

Time (s): cpu = 00:00:00 ; elapsed = 00:00:00.438 . Memory (MB): peak = 1930.711 ; gain = 0.000

Phase 1.3 Build Placer Netlist Model
Phase 1.3 Build Placer Netlist Model | Checksum: 3015d6fc6

Time (s): cpu = 00:00:02 ; elapsed = 00:00:02 . Memory (MB): peak = 1930.711 ; gain = 0.000

Phase 1.4 Constrain Clocks/Macros
Phase 1.4 Constrain Clocks/Macros | Checksum: 3015d6fc6

Time (s): cpu = 00:00:02 ; elapsed = 00:00:02 . Memory (MB): peak = 1930.711 ; gain = 0.000
Phase 1 Placer Initialization | Checksum: 3015d6fc6

Time (s): cpu = 00:00:02 ; elapsed = 00:00:02 . Memory (MB): peak = 1930.711 ; gain = 0.000

Phase 2 Global Placement

Phase 2.1 Floorplanning
Phase 2.1 Floorplanning | Checksum: 3147d2beb

Time (s): cpu = 00:00:03 ; elapsed = 00:00:02 . Memory (MB): peak = 1930.711 ; gain = 0.000

Phase 2.2 Update Timing before SLR Path Opt
Phase 2.2 Update Timing before SLR Path Opt | Checksum: 318bfbe15

Time (s): cpu = 00:00:03 ; elapsed = 00:00:03 . Memory (MB): peak = 1930.711 ; gain = 0.000

Phase 2.3 Post-Processing in Floorplanning
Phase 2.3 Post-Processing in Floorplanning | Checksum: 318bfbe15

Time (s): cpu = 00:00:03 ; elapsed = 00:00:03 . Memory (MB): peak = 1930.711 ; gain = 0.000

Phase 2.4 Global Place Phase1
Phase 2.4 Global Place Phase1 | Checksum: 1c08108cf

Time (s): cpu = 00:00:08 ; elapsed = 00:00:06 . Memory (MB): peak = 1930.711 ; gain = 0.000

Phase 2.5 Global Place Phase2

Phase 2.5.1 UpdateTiming Before Physical Synthesis
Phase 2.5.1 UpdateTiming Before Physical Synthesis | Checksum: 1c08108cf

Time (s): cpu = 00:00:08 ; elapsed = 00:00:06 . Memory (MB): peak = 1930.711 ; gain = 0.000

Phase 2.5.2 Physical Synthesis In Placer
INFO: [Physopt 32-1035] Found 0 LUTNM shape to break, 176 LUT instances to create LUTNM shape
INFO: [Physopt 32-1044] Break lutnm for timing: one critical 0, two critical 0, total 0, new lutff created 0
INFO: [Physopt 32-1138] End 1 Pass. Optimized 73 nets or LUTs. Breaked 0 LUT, combined 73 existing LUTs and moved 0 existing LUT
INFO: [Physopt 32-65] No nets found for high-fanout optimization.
INFO: [Physopt 32-232] Optimized 0 net. Created 0 new instance.
INFO: [Physopt 32-775] End 1 Pass. Optimized 0 net or cell. Created 0 new cell, deleted 0 existing cell and moved 0 existing cell
INFO: [Physopt 32-670] No setup violation found.  DSP Register Optimization was not performed.
INFO: [Physopt 32-670] No setup violation found.  Shift Register to Pipeline Optimization was not performed.
INFO: [Physopt 32-670] No setup violation found.  Shift Register Optimization was not performed.
INFO: [Physopt 32-670] No setup violation found.  BRAM Register Optimization was not performed.
INFO: [Physopt 32-670] No setup violation found.  URAM Register Optimization was not performed.
INFO: [Physopt 32-949] No candidate nets found for dynamic/static region interface net replication
INFO: [Physopt 32-775] End 1 Pass. Optimized 0 net or cell. Created 0 new cell, deleted 0 existing cell and moved 0 existing cell
Netlist sorting complete. Time (s): cpu = 00:00:00 ; elapsed = 00:00:00.003 . Memory (MB): peak = 1930.711 ; gain = 0.000

Summary of Physical Synthesis Optimizations
============================================


-----------------------------------------------------------------------------------------------------------------------------------------------------------
|  Optimization                                     |  Added Cells  |  Removed Cells  |  Optimized Cells/Nets  |  Dont Touch  |  Iterations  |  Elapsed   |
-----------------------------------------------------------------------------------------------------------------------------------------------------------
|  LUT Combining                                    |            0  |             73  |                    73  |           0  |           1  |  00:00:00  |
|  Retime                                           |            0  |              0  |                     0  |           0  |           1  |  00:00:00  |
|  Very High Fanout                                 |            0  |              0  |                     0  |           0  |           1  |  00:00:00  |
|  DSP Register                                     |            0  |              0  |                     0  |           0  |           0  |  00:00:00  |
|  Shift Register to Pipeline                       |            0  |              0  |                     0  |           0  |           0  |  00:00:00  |
|  Shift Register                                   |            0  |              0  |                     0  |           0  |           0  |  00:00:00  |
|  BRAM Register                                    |            0  |              0  |                     0  |           0  |           0  |  00:00:00  |
|  URAM Register                                    |            0  |              0  |                     0  |           0  |           0  |  00:00:00  |
|  Dynamic/Static Region Interface Net Replication  |            0  |              0  |                     0  |           0  |           1  |  00:00:00  |
|  Total                                            |            0  |             73  |                    73  |           0  |           4  |  00:00:00  |
-----------------------------------------------------------------------------------------------------------------------------------------------------------


Phase 2.5.2 Physical Synthesis In Placer | Checksum: 27e954cc8

Time (s): cpu = 00:00:09 ; elapsed = 00:00:07 . Memory (MB): peak = 1930.711 ; gain = 0.000
Phase 2.5 Global Place Phase2 | Checksum: 2006457e0

Time (s): cpu = 00:00:10 ; elapsed = 00:00:07 . Memory (MB): peak = 1930.711 ; gain = 0.000
Phase 2 Global Placement | Checksum: 2006457e0

Time (s): cpu = 00:00:10 ; elapsed = 00:00:07 . Memory (MB): peak = 1930.711 ; gain = 0.000

Phase 3 Detail Placement

Phase 3.1 Commit Multi Column Macros
Phase 3.1 Commit Multi Column Macros | Checksum: 1f994e91b

Time (s): cpu = 00:00:11 ; elapsed = 00:00:08 . Memory (MB): peak = 1930.711 ; gain = 0.000

Phase 3.2 Commit Most Macros & LUTRAMs
Phase 3.2 Commit Most Macros & LUTRAMs | Checksum: 1edb943e1

Time (s): cpu = 00:00:12 ; elapsed = 00:00:09 . Memory (MB): peak = 1930.711 ; gain = 0.000

Phase 3.3 Area Swap Optimization
Phase 3.3 Area Swap Optimization | Checksum: 25c9ef224

Time (s): cpu = 00:00:12 ; elapsed = 00:00:09 . Memory (MB): peak = 1930.711 ; gain = 0.000

Phase 3.4 Pipeline Register Optimization
Phase 3.4 Pipeline Register Optimization | Checksum: 2645bc55f

Time (s): cpu = 00:00:12 ; elapsed = 00:00:09 . Memory (MB): peak = 1930.711 ; gain = 0.000

Phase 3.5 Small Shape Detail Placement
Phase 3.5 Small Shape Detail Placement | Checksum: 30fa829ed

Time (s): cpu = 00:00:13 ; elapsed = 00:00:10 . Memory (MB): peak = 1930.711 ; gain = 0.000

Phase 3.6 Re-assign LUT pins
Phase 3.6 Re-assign LUT pins | Checksum: 2f8708a85

Time (s): cpu = 00:00:13 ; elapsed = 00:00:10 . Memory (MB): peak = 1930.711 ; gain = 0.000

Phase 3.7 Pipeline Register Optimization
Phase 3.7 Pipeline Register Optimization | Checksum: 3046e9e33

Time (s): cpu = 00:00:13 ; elapsed = 00:00:10 . Memory (MB): peak = 1930.711 ; gain = 0.000
Phase 3 Detail Placement | Checksum: 3046e9e33

Time (s): cpu = 00:00:14 ; elapsed = 00:00:10 . Memory (MB): peak = 1930.711 ; gain = 0.000

Phase 4 Post Placement Optimization and Clean-Up

Phase 4.1 Post Commit Optimization
INFO: [Timing 38-35] Done setting XDC timing constraints.

Phase 4.1.1 Post Placement Optimization
Post Placement Optimization Initialization | Checksum: 243b10650

Phase 4.1.1.1 BUFG Insertion

Starting Physical Synthesis Task

Phase 1 Physical Synthesis Initialization
INFO: [Physopt 32-721] Multithreading enabled for phys_opt_design using a maximum of 2 CPUs
INFO: [Physopt 32-619] Estimated Timing Summary | WNS=26.801 | TNS=0.000 |
Phase 1 Physical Synthesis Initialization | Checksum: 1538adb58

Time (s): cpu = 00:00:01 ; elapsed = 00:00:00.265 . Memory (MB): peak = 1930.711 ; gain = 0.000
INFO: [Place 46-56] BUFG insertion identified 0 candidate nets. Inserted BUFG: 0, Replicated BUFG Driver: 0, Skipped due to Placement/Routing Conflicts: 0, Skipped due to Timing Degradation: 0, Skipped due to netlist editing failed: 0.
Ending Physical Synthesis Task | Checksum: 1d68c24b8

Time (s): cpu = 00:00:01 ; elapsed = 00:00:00.304 . Memory (MB): peak = 1930.711 ; gain = 0.000
Phase 4.1.1.1 BUFG Insertion | Checksum: 243b10650

Time (s): cpu = 00:00:16 ; elapsed = 00:00:12 . Memory (MB): peak = 1930.711 ; gain = 0.000

Phase 4.1.1.2 Post Placement Timing Optimization
INFO: [Place 30-746] Post Placement Timing Summary WNS=26.801. For the most accurate timing information please run report_timing.
Phase 4.1.1.2 Post Placement Timing Optimization | Checksum: 1dddf698b

Time (s): cpu = 00:00:16 ; elapsed = 00:00:12 . Memory (MB): peak = 1930.711 ; gain = 0.000

Time (s): cpu = 00:00:16 ; elapsed = 00:00:12 . Memory (MB): peak = 1930.711 ; gain = 0.000
Phase 4.1 Post Commit Optimization | Checksum: 1dddf698b

Time (s): cpu = 00:00:16 ; elapsed = 00:00:12 . Memory (MB): peak = 1930.711 ; gain = 0.000

Phase 4.2 Post Placement Cleanup
Phase 4.2 Post Placement Cleanup | Checksum: 1dddf698b

Time (s): cpu = 00:00:16 ; elapsed = 00:00:12 . Memory (MB): peak = 1930.711 ; gain = 0.000

Phase 4.3 Placer Reporting

Phase 4.3.1 Print Estimated Congestion
INFO: [Place 30-612] Post-Placement Estimated Congestion 
 ____________________________________________________
|           | Global Congestion | Short Congestion  |
| Direction | Region Size       | Region Size       |
|___________|___________________|___________________|
|      North|                1x1|                2x2|
|___________|___________________|___________________|
|      South|                1x1|                1x1|
|___________|___________________|___________________|
|       East|                1x1|                1x1|
|___________|___________________|___________________|
|       West|                1x1|                1x1|
|___________|___________________|___________________|

Phase 4.3.1 Print Estimated Congestion | Checksum: 1dddf698b

Time (s): cpu = 00:00:16 ; elapsed = 00:00:12 . Memory (MB): peak = 1930.711 ; gain = 0.000
Phase 4.3 Placer Reporting | Checksum: 1dddf698b

Time (s): cpu = 00:00:16 ; elapsed = 00:00:12 . Memory (MB): peak = 1930.711 ; gain = 0.000

Phase 4.4 Final Placement Cleanup
Netlist sorting complete. Time (s): cpu = 00:00:00 ; elapsed = 00:00:00.004 . Memory (MB): peak = 1930.711 ; gain = 0.000

Time (s): cpu = 00:00:16 ; elapsed = 00:00:12 . Memory (MB): peak = 1930.711 ; gain = 0.000
Phase 4 Post Placement Optimization and Clean-Up | Checksum: 18af15758

Time (s): cpu = 00:00:16 ; elapsed = 00:00:12 . Memory (MB): peak = 1930.711 ; gain = 0.000
Ending Placer Task | Checksum: 14c65d51e

Time (s): cpu = 00:00:16 ; elapsed = 00:00:12 . Memory (MB): peak = 1930.711 ; gain = 0.000
81 Infos, 2 Warnings, 0 Critical Warnings and 0 Errors encountered.
place_design completed successfully
place_design: Time (s): cpu = 00:00:21 ; elapsed = 00:00:15 . Memory (MB): peak = 1930.711 ; gain = 0.000
INFO: [Vivado 12-24838] Running report commands "report_control_sets, report_io, report_utilization" in parallel.
Running report generation with 2 threads.
INFO: [Vivado 12-24828] Executing command : report_utilization -file top_utilization_placed.rpt -pb top_utilization_placed.pb
INFO: [Vivado 12-24828] Executing command : report_io -file top_io_placed.rpt
report_io: Time (s): cpu = 00:00:00 ; elapsed = 00:00:00.063 . Memory (MB): peak = 1930.711 ; gain = 0.000
INFO: [Vivado 12-24828] Executing command : report_control_sets -verbose -file top_control_sets_placed.rpt
report_control_sets: Time (s): cpu = 00:00:00 ; elapsed = 00:00:00.018 . Memory (MB): peak = 1930.711 ; gain = 0.000
INFO: [Timing 38-480] Writing timing data to binary archive.
Write ShapeDB Complete: Time (s): cpu = 00:00:00 ; elapsed = 00:00:00.046 . Memory (MB): peak = 1930.711 ; gain = 0.000
Wrote PlaceDB: Time (s): cpu = 00:00:01 ; elapsed = 00:00:00.408 . Memory (MB): peak = 1930.711 ; gain = 0.000
Wrote PulsedLatchDB: Time (s): cpu = 00:00:00 ; elapsed = 00:00:00 . Memory (MB): peak = 1930.711 ; gain = 0.000
Writing XDEF routing.
Writing XDEF routing logical nets.
Writing XDEF routing special nets.
Wrote RouteStorage: Time (s): cpu = 00:00:00 ; elapsed = 00:00:00.020 . Memory (MB): peak = 1930.711 ; gain = 0.000
Wrote Netlist Cache: Time (s): cpu = 00:00:00 ; elapsed = 00:00:00.006 . Memory (MB): peak = 1930.711 ; gain = 0.000
Wrote Device Cache: Time (s): cpu = 00:00:00 ; elapsed = 00:00:00.010 . Memory (MB): peak = 1930.711 ; gain = 0.000
Write Physdb Complete: Time (s): cpu = 00:00:01 ; elapsed = 00:00:00.453 . Memory (MB): peak = 1930.711 ; gain = 0.000
INFO: [Common 17-1381] The checkpoint 'C:/Users/patsn/OneDrive/Documents/fpga-projects/fpga_real_time_video_processing_pipeline/vivado/fpga_video_processing/fpga_video_processing.runs/impl_1/top_placed.dcp' has been generated.
Command: phys_opt_design
Attempting to get a license for feature 'Implementation' and/or device 'xc7s50'
INFO: [Common 17-349] Got license for feature 'Implementation' and/or device 'xc7s50'

Starting Initial Update Timing Task

Time (s): cpu = 00:00:02 ; elapsed = 00:00:01 . Memory (MB): peak = 1930.711 ; gain = 0.000
INFO: [Vivado_Tcl 4-2279] Estimated Timing Summary | WNS= 26.801 | TNS= 0.000 | 
INFO: [Vivado_Tcl 4-383] Design worst setup slack (WNS) is greater than or equal to 0.000 ns. All physical synthesis setup optimizations will be skipped.
INFO: [Vivado_Tcl 4-232] No setup violation found. The netlist was not modified.
INFO: [Common 17-83] Releasing license: Implementation
92 Infos, 2 Warnings, 0 Critical Warnings and 0 Errors encountered.
phys_opt_design completed successfully
INFO: [Timing 38-480] Writing timing data to binary archive.
Write ShapeDB Complete: Time (s): cpu = 00:00:00 ; elapsed = 00:00:00.020 . Memory (MB): peak = 1930.711 ; gain = 0.000
Wrote PlaceDB: Time (s): cpu = 00:00:01 ; elapsed = 00:00:00.382 . Memory (MB): peak = 1930.711 ; gain = 0.000
Wrote PulsedLatchDB: Time (s): cpu = 00:00:00 ; elapsed = 00:00:00 . Memory (MB): peak = 1930.711 ; gain = 0.000
Writing XDEF routing.
Writing XDEF routing logical nets.
Writing XDEF routing special nets.
Wrote RouteStorage: Time (s): cpu = 00:00:00 ; elapsed = 00:00:00.021 . Memory (MB): peak = 1930.711 ; gain = 0.000
Wrote Netlist Cache: Time (s): cpu = 00:00:00 ; elapsed = 00:00:00.008 . Memory (MB): peak = 1930.711 ; gain = 0.000
Wrote Device Cache: Time (s): cpu = 00:00:00 ; elapsed = 00:00:00.009 . Memory (MB): peak = 1930.711 ; gain = 0.000
Write Physdb Complete: Time (s): cpu = 00:00:01 ; elapsed = 00:00:00.430 . Memory (MB): peak = 1930.711 ; gain = 0.000
INFO: [Common 17-1381] The checkpoint 'C:/Users/patsn/OneDrive/Documents/fpga-projects/fpga_real_time_video_processing_pipeline/vivado/fpga_video_processing/fpga_video_processing.runs/impl_1/top_physopt.dcp' has been generated.
Command: route_design
Attempting to get a license for feature 'Implementation' and/or device 'xc7s50'
INFO: [Common 17-349] Got license for feature 'Implementation' and/or device 'xc7s50'


Starting Routing Task
INFO: [Route 35-254] Multithreading enabled for route_design using a maximum of 2 CPUs

Phase 1 Build RT Design
Checksum: PlaceDB: 7ccd3529 ConstDB: 0 ShapeSum: 25076cbf RouteDB: aa913336
Post Restoration Checksum: NetGraph: 9799ac7d | NumContArr: e6a03a37 | Constraints: c2a8fa9d | Timing: c2a8fa9d
Phase 1 Build RT Design | Checksum: 3038bdbee

Time (s): cpu = 00:00:30 ; elapsed = 00:00:28 . Memory (MB): peak = 1930.711 ; gain = 0.000

Phase 2 Router Initialization

Phase 2.1 Fix Topology Constraints
Phase 2.1 Fix Topology Constraints | Checksum: 3038bdbee

Time (s): cpu = 00:00:30 ; elapsed = 00:00:28 . Memory (MB): peak = 1930.711 ; gain = 0.000

Phase 2.2 Pre Route Cleanup
Phase 2.2 Pre Route Cleanup | Checksum: 3038bdbee

Time (s): cpu = 00:00:30 ; elapsed = 00:00:28 . Memory (MB): peak = 1930.711 ; gain = 0.000
 Number of Nodes with overlaps = 0

Phase 2.3 Update Timing
Phase 2.3 Update Timing | Checksum: 31380ac4f

Time (s): cpu = 00:00:33 ; elapsed = 00:00:30 . Memory (MB): peak = 1957.965 ; gain = 27.254
INFO: [Route 35-416] Intermediate Timing Summary | WNS=26.883 | TNS=0.000  | WHS=-0.337 | THS=-576.727|


Phase 2.4 Soft Constraint Pins - Fast Budgeting
Phase 2.4 Soft Constraint Pins - Fast Budgeting | Checksum: 2e77b94d2

Time (s): cpu = 00:00:35 ; elapsed = 00:00:31 . Memory (MB): peak = 1989.234 ; gain = 58.523

Router Utilization Summary
  Global Vertical Routing Utilization    = 0.000797257 %
  Global Horizontal Routing Utilization  = 0.00390422 %
  Routable Net Status*
  *Does not include unroutable nets such as driverless and loadless.
  Run report_route_status for detailed report.
  Number of Failed Nets               = 3402
    (Failed Nets is the sum of unrouted and partially routed nets)
  Number of Unrouted Nets             = 3401
  Number of Partially Routed Nets     = 1
  Number of Node Overlaps             = 0

Phase 2 Router Initialization | Checksum: 29a91ccb7

Time (s): cpu = 00:00:35 ; elapsed = 00:00:32 . Memory (MB): peak = 1989.234 ; gain = 58.523

Phase 3 Global Routing
Phase 3 Global Routing | Checksum: 29a91ccb7

Time (s): cpu = 00:00:35 ; elapsed = 00:00:32 . Memory (MB): peak = 1989.234 ; gain = 58.523

Phase 4 Initial Routing

Phase 4.1 Initial Net Routing Pass
Phase 4.1 Initial Net Routing Pass | Checksum: 23a95bc90

Time (s): cpu = 00:00:38 ; elapsed = 00:00:33 . Memory (MB): peak = 1989.234 ; gain = 58.523
Phase 4 Initial Routing | Checksum: 23a95bc90

Time (s): cpu = 00:00:38 ; elapsed = 00:00:33 . Memory (MB): peak = 1989.234 ; gain = 58.523

Phase 5 Rip-up And Reroute

Phase 5.1 Global Iteration 0
 Number of Nodes with overlaps = 217
 Number of Nodes with overlaps = 5
 Number of Nodes with overlaps = 0
INFO: [Route 35-416] Intermediate Timing Summary | WNS=25.940 | TNS=0.000  | WHS=N/A    | THS=N/A    |

Phase 5.1 Global Iteration 0 | Checksum: 2b6c6b79d

Time (s): cpu = 00:00:42 ; elapsed = 00:00:36 . Memory (MB): peak = 1989.234 ; gain = 58.523
Phase 5 Rip-up And Reroute | Checksum: 2b6c6b79d

Time (s): cpu = 00:00:42 ; elapsed = 00:00:36 . Memory (MB): peak = 1989.234 ; gain = 58.523

Phase 6 Delay and Skew Optimization

Phase 6.1 Delay CleanUp

Phase 6.1.1 Update Timing
Phase 6.1.1 Update Timing | Checksum: 2d8e90f50

Time (s): cpu = 00:00:43 ; elapsed = 00:00:36 . Memory (MB): peak = 1989.234 ; gain = 58.523
INFO: [Route 35-416] Intermediate Timing Summary | WNS=26.019 | TNS=0.000  | WHS=N/A    | THS=N/A    |

Phase 6.1 Delay CleanUp | Checksum: 2d8e90f50

Time (s): cpu = 00:00:43 ; elapsed = 00:00:36 . Memory (MB): peak = 1989.234 ; gain = 58.523

Phase 6.2 Clock Skew Optimization
Phase 6.2 Clock Skew Optimization | Checksum: 2d8e90f50

Time (s): cpu = 00:00:43 ; elapsed = 00:00:36 . Memory (MB): peak = 1989.234 ; gain = 58.523
Phase 6 Delay and Skew Optimization | Checksum: 2d8e90f50

Time (s): cpu = 00:00:43 ; elapsed = 00:00:36 . Memory (MB): peak = 1989.234 ; gain = 58.523

Phase 7 Post Hold Fix

Phase 7.1 Hold Fix Iter
INFO: [Route 35-416] Intermediate Timing Summary | WNS=26.019 | TNS=0.000  | WHS=0.034  | THS=0.000  |

Phase 7.1 Hold Fix Iter | Checksum: 2543dbd74

Time (s): cpu = 00:00:44 ; elapsed = 00:00:37 . Memory (MB): peak = 1989.234 ; gain = 58.523
Phase 7 Post Hold Fix | Checksum: 2543dbd74

Time (s): cpu = 00:00:44 ; elapsed = 00:00:37 . Memory (MB): peak = 1989.234 ; gain = 58.523

Phase 8 Route finalize

Router Utilization Summary
  Global Vertical Routing Utilization    = 1.62003 %
  Global Horizontal Routing Utilization  = 1.74024 %
  Routable Net Status*
  *Does not include unroutable nets such as driverless and loadless.
  Run report_route_status for detailed report.
  Number of Failed Nets               = 0
    (Failed Nets is the sum of unrouted and partially routed nets)
  Number of Unrouted Nets             = 0
  Number of Partially Routed Nets     = 0
  Number of Node Overlaps             = 0

Phase 8 Route finalize | Checksum: 2543dbd74

Time (s): cpu = 00:00:44 ; elapsed = 00:00:37 . Memory (MB): peak = 1989.234 ; gain = 58.523

Phase 9 Verifying routed nets

 Verification completed successfully
Phase 9 Verifying routed nets | Checksum: 2543dbd74

Time (s): cpu = 00:00:44 ; elapsed = 00:00:37 . Memory (MB): peak = 1989.234 ; gain = 58.523

Phase 10 Depositing Routes
Phase 10 Depositing Routes | Checksum: 252501f9f

Time (s): cpu = 00:00:45 ; elapsed = 00:00:37 . Memory (MB): peak = 1989.234 ; gain = 58.523

Phase 11 Post Process Routing
Phase 11 Post Process Routing | Checksum: 252501f9f

Time (s): cpu = 00:00:45 ; elapsed = 00:00:37 . Memory (MB): peak = 1989.234 ; gain = 58.523

Phase 12 Post Router Timing
INFO: [Route 35-57] Estimated Timing Summary | WNS=26.019 | TNS=0.000  | WHS=0.034  | THS=0.000  |

INFO: [Route 35-327] The final timing numbers are based on the router estimated timing analysis. For a complete and accurate timing signoff, please run report_timing_summary.
Phase 12 Post Router Timing | Checksum: 252501f9f

Time (s): cpu = 00:00:45 ; elapsed = 00:00:37 . Memory (MB): peak = 1989.234 ; gain = 58.523
Total Elapsed time in route_design: 37.339 secs

Phase 13 Post-Route Event Processing
Phase 13 Post-Route Event Processing | Checksum: 710aaf2a

Time (s): cpu = 00:00:45 ; elapsed = 00:00:37 . Memory (MB): peak = 1989.234 ; gain = 58.523
INFO: [Route 35-16] Router Completed Successfully
Ending Routing Task | Checksum: 710aaf2a

Time (s): cpu = 00:00:45 ; elapsed = 00:00:37 . Memory (MB): peak = 1989.234 ; gain = 58.523

Routing Is Done.
INFO: [Common 17-83] Releasing license: Implementation
104 Infos, 2 Warnings, 0 Critical Warnings and 0 Errors encountered.
route_design completed successfully
route_design: Time (s): cpu = 00:00:45 ; elapsed = 00:00:38 . Memory (MB): peak = 1989.234 ; gain = 58.523
INFO: [Vivado 12-24828] Executing command : report_drc -file top_drc_routed.rpt -pb top_drc_routed.pb -rpx top_drc_routed.rpx
Command: report_drc -file top_drc_routed.rpt -pb top_drc_routed.pb -rpx top_drc_routed.rpx
INFO: [IP_Flow 19-1839] IP Catalog is up to date.
INFO: [DRC 23-27] Running DRC with 2 threads
INFO: [Vivado_Tcl 2-168] The results of DRC are in file C:/Users/patsn/OneDrive/Documents/fpga-projects/fpga_real_time_video_processing_pipeline/vivado/fpga_video_processing/fpga_video_processing.runs/impl_1/top_drc_routed.rpt.
report_drc completed successfully
INFO: [Vivado 12-24828] Executing command : report_methodology -file top_methodology_drc_routed.rpt -pb top_methodology_drc_routed.pb -rpx top_methodology_drc_routed.rpx
Command: report_methodology -file top_methodology_drc_routed.rpt -pb top_methodology_drc_routed.pb -rpx top_methodology_drc_routed.rpx
INFO: [Timing 38-35] Done setting XDC timing constraints.
INFO: [DRC 23-133] Running Methodology with 2 threads
INFO: [Vivado_Tcl 2-1520] The results of Report Methodology are in file C:/Users/patsn/OneDrive/Documents/fpga-projects/fpga_real_time_video_processing_pipeline/vivado/fpga_video_processing/fpga_video_processing.runs/impl_1/top_methodology_drc_routed.rpt.
report_methodology completed successfully
report_drc: Time (s): cpu = 00:00:15 ; elapsed = 00:00:08 . Memory (MB): peak = 2016.566 ; gain = 24.762
INFO: [Vivado 12-24828] Executing command : report_timing_summary -max_paths 10 -routable_nets -report_unconstrained -file top_timing_summary_routed.rpt -pb top_timing_summary_routed.pb -rpx top_timing_summary_routed.rpx -warn_on_violation 
INFO: [Timing 38-35] Done setting XDC timing constraints.
INFO: [Timing 38-91] UpdateTimingParams: Speed grade: -1, Delay Type: min_max.
INFO: [Timing 38-191] Multithreading enabled for timing update using a maximum of 2 CPUs
INFO: [Vivado 12-24838] Running report commands "report_incremental_reuse, report_route_status" in parallel.
Running report generation with 2 threads.
INFO: [Vivado 12-24828] Executing command : report_incremental_reuse -file top_incremental_reuse_routed.rpt
INFO: [Vivado_Tcl 4-1062] Incremental flow is disabled. No incremental reuse Info to report.
INFO: [Vivado 12-24828] Executing command : report_route_status -file top_route_status.rpt -pb top_route_status.pb
INFO: [Vivado 12-24828] Executing command : report_power -file top_power_routed.rpt -pb top_power_summary_routed.pb -rpx top_power_routed.rpx
Command: report_power -file top_power_routed.rpt -pb top_power_summary_routed.pb -rpx top_power_routed.rpx
Running Vector-less Activity Propagation...

Finished Running Vector-less Activity Propagation
121 Infos, 2 Warnings, 0 Critical Warnings and 0 Errors encountered.
report_power completed successfully
INFO: [Vivado 12-24828] Executing command : report_clock_utilization -file top_clock_utilization_routed.rpt
INFO: [Vivado 12-24828] Executing command : report_bus_skew -warn_on_violation -file top_bus_skew_routed.rpt -pb top_bus_skew_routed.pb -rpx top_bus_skew_routed.rpx
INFO: [Timing 38-91] UpdateTimingParams: Speed grade: -1, Delay Type: min_max.
INFO: [Timing 38-191] Multithreading enabled for timing update using a maximum of 2 CPUs
generate_parallel_reports: Time (s): cpu = 00:00:27 ; elapsed = 00:00:16 . Memory (MB): peak = 2016.566 ; gain = 27.332
INFO: [Timing 38-480] Writing timing data to binary archive.
Write ShapeDB Complete: Time (s): cpu = 00:00:00 ; elapsed = 00:00:00.019 . Memory (MB): peak = 2016.566 ; gain = 0.000
Wrote PlaceDB: Time (s): cpu = 00:00:00 ; elapsed = 00:00:00.392 . Memory (MB): peak = 2022.383 ; gain = 5.816
Wrote PulsedLatchDB: Time (s): cpu = 00:00:00 ; elapsed = 00:00:00 . Memory (MB): peak = 2022.383 ; gain = 0.000
Writing XDEF routing.
Writing XDEF routing logical nets.
Writing XDEF routing special nets.
Wrote RouteStorage: Time (s): cpu = 00:00:01 ; elapsed = 00:00:00.069 . Memory (MB): peak = 2022.383 ; gain = 0.000
Wrote Netlist Cache: Time (s): cpu = 00:00:00 ; elapsed = 00:00:00.008 . Memory (MB): peak = 2022.383 ; gain = 0.000
Wrote Device Cache: Time (s): cpu = 00:00:00 ; elapsed = 00:00:00.008 . Memory (MB): peak = 2022.383 ; gain = 0.000
Write Physdb Complete: Time (s): cpu = 00:00:01 ; elapsed = 00:00:00.487 . Memory (MB): peak = 2022.383 ; gain = 5.816
INFO: [Common 17-1381] The checkpoint 'C:/Users/patsn/OneDrive/Documents/fpga-projects/fpga_real_time_video_processing_pipeline/vivado/fpga_video_processing/fpga_video_processing.runs/impl_1/top_routed.dcp' has been generated.
INFO: [Common 17-206] Exiting Vivado at Mon Apr 27 13:52:06 2026...

*** Running vivado
    with args -log top.vdi -applog -m64 -product Vivado -messageDb vivado.pb -mode batch -source top.tcl -notrace



****** Vivado v2025.1 (64-bit)
  **** SW Build 6140274 on Thu May 22 00:12:29 MDT 2025
  **** IP Build 6138677 on Thu May 22 03:10:11 MDT 2025
  **** SharedData Build 6139179 on Tue May 20 17:58:58 MDT 2025
  **** Start of session at: Mon Apr 27 13:52:26 2026
    ** Copyright 1986-2022 Xilinx, Inc. All Rights Reserved.
    ** Copyright 2022-2025 Advanced Micro Devices, Inc. All Rights Reserved.

source top.tcl -notrace
Command: open_checkpoint top_routed.dcp
INFO: [Device 21-403] Loading part xc7s50csga324-1
Netlist sorting complete. Time (s): cpu = 00:00:00 ; elapsed = 00:00:00.044 . Memory (MB): peak = 728.160 ; gain = 0.000
INFO: [Netlist 29-17] Analyzing 396 Unisim elements for replacement
INFO: [Netlist 29-28] Unisim Transformation completed in 1 CPU seconds
INFO: [Project 1-479] Netlist was created with Vivado 2025.1
INFO: [Project 1-570] Preparing netlist for logic optimization
Read ShapeDB Complete: Time (s): cpu = 00:00:00 ; elapsed = 00:00:00.027 . Memory (MB): peak = 828.137 ; gain = 1.051
INFO: [Timing 38-478] Restoring timing data from binary archive.
INFO: [Timing 38-479] Binary timing data restore complete.
INFO: [Project 1-856] Restoring constraints from binary archive.
INFO: [Project 1-853] Binary constraint restore complete.
INFO: [Designutils 20-5722] Start Reading Physical Databases.
Reading placement.
Read Netlist Cache: Time (s): cpu = 00:00:00 ; elapsed = 00:00:00.005 . Memory (MB): peak = 1308.812 ; gain = 0.000
Reading placer database...
Read Device Cache: Time (s): cpu = 00:00:00 ; elapsed = 00:00:00.009 . Memory (MB): peak = 1308.812 ; gain = 0.000
Read PlaceDB: Time (s): cpu = 00:00:00 ; elapsed = 00:00:00.220 . Memory (MB): peak = 1308.812 ; gain = 0.000
Read PulsedLatchDB: Time (s): cpu = 00:00:00 ; elapsed = 00:00:00 . Memory (MB): peak = 1308.812 ; gain = 0.000
Reading routing.
Read RouteStorage: Time (s): cpu = 00:00:00 ; elapsed = 00:00:00.089 . Memory (MB): peak = 1308.812 ; gain = 0.000
Read Physdb Files: Time (s): cpu = 00:00:00 ; elapsed = 00:00:00.339 . Memory (MB): peak = 1308.812 ; gain = 0.000
Restored from archive | CPU: 1.000000 secs | Memory: 0.000000 MB |
Finished XDEF File Restore: Time (s): cpu = 00:00:01 ; elapsed = 00:00:00.399 . Memory (MB): peak = 1308.812 ; gain = 4.977
Netlist sorting complete. Time (s): cpu = 00:00:00 ; elapsed = 00:00:00.002 . Memory (MB): peak = 1308.812 ; gain = 0.000
INFO: [Project 1-111] Unisim Transformation Summary:
  A total of 200 instances were transformed.
  RAM64M => RAM64M (RAMD64E(x4)): 200 instances

INFO: [Project 1-604] Checkpoint was created with Vivado v2025.1 (64-bit) build 6140274
WARNING: [Vivado 12-23575] Critical violations of the methodology design rules detected. Critical violations may contribute to timing failures or cause functional issues in hardware. Run report_methodology for more information.
open_checkpoint: Time (s): cpu = 00:00:26 ; elapsed = 00:00:24 . Memory (MB): peak = 1308.812 ; gain = 1013.250
Command: write_bitstream -force top.bit
Attempting to get a license for feature 'Implementation' and/or device 'xc7s50'
INFO: [Common 17-349] Got license for feature 'Implementation' and/or device 'xc7s50'
Running DRC as a precondition to command write_bitstream
INFO: [IP_Flow 19-234] Refreshing IP repositories
INFO: [IP_Flow 19-1704] No user IP repositories specified
INFO: [IP_Flow 19-2313] Loaded Vivado IP repository 'C:/Xilinx/2025.1/Vivado/data/ip'.
INFO: [DRC 23-27] Running DRC with 2 threads
INFO: [Vivado 12-3199] DRC finished with 0 Errors
INFO: [Vivado 12-3200] Please refer to the DRC report (report_drc) for more information.
INFO: [Designutils 20-2272] Running write_bitstream with 2 threads.
Loading data files...
Loading site data...
Loading route data...
Processing options...
Creating bitmap...
Creating bitstream...
Bitstream compression saved 11358912 bits.
Writing bitstream ./top.bit...
INFO: [Vivado 12-1842] Bitgen Completed Successfully.
INFO: [Project 1-1876] WebTalk data collection is mandatory when using a ULT device. To see the specific WebTalk data collected for your design, open the usage_statistics_webtalk.html or usage_statistics_webtalk.xml file in the implementation directory.
INFO: [Common 17-83] Releasing license: Implementation
23 Infos, 1 Warnings, 0 Critical Warnings and 0 Errors encountered.
write_bitstream completed successfully
write_bitstream: Time (s): cpu = 00:00:27 ; elapsed = 00:00:19 . Memory (MB): peak = 1881.371 ; gain = 572.559
INFO: [Common 17-206] Exiting Vivado at Mon Apr 27 13:53:13 2026...
