Copyright 1986-2022 Xilinx, Inc. All Rights Reserved. Copyright 2022-2025 Advanced Micro Devices, Inc. All Rights Reserved.
---------------------------------------------------------------------------------------------------------------------------------------------
| Tool Version : Vivado v.2025.1 (win64) Build 6140274 Thu May 22 00:12:29 MDT 2025
| Date         : Sat Apr 25 23:09:43 2026
| Host         : afiflaptop running 64-bit major release  (build 9200)
| Command      : report_control_sets -verbose -file top_control_sets_placed.rpt
| Design       : top
| Device       : xc7s50
---------------------------------------------------------------------------------------------------------------------------------------------

Control Set Information

Table of Contents
-----------------
1. Summary
2. Histogram
3. Flip-Flop Distribution
4. Detailed Control Set Information

1. Summary
----------

+----------------------------------------------------------+-------+
|                          Status                          | Count |
+----------------------------------------------------------+-------+
| Total control sets                                       |    53 |
|    Minimum number of control sets                        |    53 |
|    Addition due to synthesis replication                 |     0 |
|    Addition due to physical synthesis replication        |     0 |
| Unused register locations in slices containing registers |    85 |
+----------------------------------------------------------+-------+
* Control sets can be merged at opt_design using control_set_merge or merge_equivalent_drivers
** Run report_qor_suggestions for automated merging and remapping suggestions


2. Histogram
------------

+--------------------+-------+
|       Fanout       | Count |
+--------------------+-------+
| Total control sets |    53 |
| >= 0 to < 4        |     4 |
| >= 4 to < 6        |     3 |
| >= 6 to < 8        |     1 |
| >= 8 to < 10       |     6 |
| >= 10 to < 12      |     1 |
| >= 12 to < 14      |     1 |
| >= 14 to < 16      |     1 |
| >= 16              |    36 |
+--------------------+-------+
* Control sets can be remapped at either synth_design or opt_design


3. Flip-Flop Distribution
-------------------------

+--------------+-----------------------+------------------------+-----------------+--------------+
| Clock Enable | Synchronous Set/Reset | Asynchronous Set/Reset | Total Registers | Total Slices |
+--------------+-----------------------+------------------------+-----------------+--------------+
| No           | No                    | No                     |             110 |           39 |
| No           | No                    | Yes                    |              63 |           31 |
| No           | Yes                   | No                     |             251 |           64 |
| Yes          | No                    | No                     |              41 |           13 |
| Yes          | No                    | Yes                    |              83 |           25 |
| Yes          | Yes                   | No                     |             551 |          163 |
+--------------+-----------------------+------------------------+-----------------+--------------+


4. Detailed Control Set Information
-----------------------------------

+------------------------+--------------------------------------------------------+-----------------------------------+------------------+----------------+--------------+
|      Clock Signal      |                      Enable Signal                     |          Set/Reset Signal         | Slice Load Count | Bel Load Count | Bels / Slice |
+------------------------+--------------------------------------------------------+-----------------------------------+------------------+----------------+--------------+
|  clk_gen/inst/clk_out3 | cam_init/config_done_i_1_n_0                           | reset_btn_IBUF                    |                1 |              1 |         1.00 |
|  clk_gen/inst/clk_out3 | cam_init/sccb_ctrl/sioc_i_1_n_0                        | reset_btn_IBUF                    |                1 |              1 |         1.00 |
|  cam_pclk_IBUF_BUFG    |                                                        |                                   |                1 |              2 |         2.00 |
|  cam_pclk_IBUF_BUFG    |                                                        | capture/byte_sel                  |                1 |              2 |         2.00 |
|  clk_gen/inst/clk_out3 |                                                        |                                   |                2 |              4 |         2.00 |
|  clk_gen/inst/clk_out3 | cam_init/sccb_ctrl/FSM_sequential_state_reg[3]_i_1_n_0 | reset_btn_IBUF                    |                1 |              4 |         4.00 |
|  clk_gen/inst/clk_out1 |                                                        | fp/s5/lb/SR[0]                    |                1 |              4 |         4.00 |
|  clk_gen/inst/clk_out1 |                                                        | fp/s5/lb/SR[2]                    |                3 |              6 |         2.00 |
|  cam_pclk_IBUF_BUFG    | capture/high_byte                                      |                                   |                3 |              8 |         2.67 |
|  cam_pclk_IBUF_BUFG    | capture/row[7]_i_1_n_0                                 | capture/col[8]_i_1_n_0            |                2 |              8 |         4.00 |
|  clk_gen/inst/clk_out3 | cam_init/sccb_ctrl/clk_cnt                             | reset_btn_IBUF                    |                2 |              8 |         4.00 |
|  clk_gen/inst/clk_out1 |                                                        | fp/s5/lb/SR[1]                    |                3 |              8 |         2.67 |
|  cam_pclk_IBUF_BUFG    | capture/col[8]_i_2_n_0                                 | capture/col[8]_i_1_n_0            |                3 |              9 |         3.00 |
|  clk_gen/inst/clk_out3 |                                                        | reset_btn_IBUF                    |                4 |              9 |         2.25 |
|  clk_gen/inst/clk_out1 | vga/vc                                                 | reset_btn_IBUF                    |                3 |             10 |         3.33 |
|  clk_gen/inst/clk_out3 | cam_init/sccb_reg_addr[6]_i_2_n_0                      | cam_init/sccb_reg_addr[6]_i_1_n_0 |                5 |             12 |         2.40 |
|  clk_gen/inst/clk_out3 | cam_init/rom_idx                                       | reset_btn_IBUF                    |                4 |             14 |         3.50 |
|  clk_gen/inst/clk_out1 | fp/s6/lb/line_ram_1_reg_256_319_6_8_i_1_n_0            |                                   |                4 |             16 |         4.00 |
|  clk_gen/inst/clk_out1 | fp/s6/lb/line_ram_1_reg_192_255_6_8_i_1_n_0            |                                   |                4 |             16 |         4.00 |
|  clk_gen/inst/clk_out1 | fp/s6/lb/line_ram_1_reg_64_127_6_8_i_1_n_0             |                                   |                4 |             16 |         4.00 |
|  clk_gen/inst/clk_out1 | fp/s6/lb/line_ram_1_reg_128_191_6_8_i_1_n_0            |                                   |                4 |             16 |         4.00 |
|  clk_gen/inst/clk_out1 | fp/s6/lb/line_ram_0_reg_0_63_6_8_i_1_n_0               |                                   |                4 |             16 |         4.00 |
|  clk_gen/inst/clk_out1 | fp/s6/lb/line_ram_0_reg_256_319_6_8_i_1_n_0            |                                   |                4 |             16 |         4.00 |
|  clk_gen/inst/clk_out1 | fp/s6/lb/line_ram_0_reg_192_255_6_8_i_1_n_0            |                                   |                4 |             16 |         4.00 |
|  clk_gen/inst/clk_out1 | fp/s6/lb/line_ram_0_reg_64_127_6_8_i_1_n_0             |                                   |                4 |             16 |         4.00 |
|  clk_gen/inst/clk_out1 | fp/s6/lb/line_ram_0_reg_128_191_6_8_i_1_n_0            |                                   |                4 |             16 |         4.00 |
|  clk_gen/inst/clk_out1 | fp/s6/lb/line_ram_1_reg_0_63_6_8_i_1_n_0               |                                   |                4 |             16 |         4.00 |
|  clk_gen/inst/clk_out3 | cam_init/sccb_ctrl/E[0]                                | reset_btn_IBUF                    |                7 |             21 |         3.00 |
|  clk_gen/inst/clk_out3 | cam_init/sccb_ctrl/shift_reg                           | reset_btn_IBUF                    |                6 |             24 |         4.00 |
|  clk_gen/inst/clk_out1 | fp/s4/lb/line_ram_0_reg_0_63_0_2_i_1_n_0               |                                   |                8 |             32 |         4.00 |
|  clk_gen/inst/clk_out1 | fp/s4/lb/line_ram_0_reg_256_319_0_2_i_1_n_0            |                                   |                8 |             32 |         4.00 |
|  clk_gen/inst/clk_out1 | fp/s4/lb/line_ram_0_reg_192_255_0_2_i_1_n_0            |                                   |                8 |             32 |         4.00 |
|  clk_gen/inst/clk_out1 | fp/s4/lb/line_ram_0_reg_128_191_0_2_i_1_n_0            |                                   |                8 |             32 |         4.00 |
|  clk_gen/inst/clk_out1 | fp/s4/lb/line_ram_0_reg_64_127_0_2_i_1_n_0             |                                   |                8 |             32 |         4.00 |
|  clk_gen/inst/clk_out1 | fp/s4/lb/line_ram_1_reg_0_63_0_2_i_1_n_0               |                                   |                8 |             32 |         4.00 |
|  clk_gen/inst/clk_out1 | fp/s4/lb/line_ram_1_reg_256_319_0_2_i_1_n_0            |                                   |                8 |             32 |         4.00 |
|  clk_gen/inst/clk_out1 | fp/s4/lb/line_ram_1_reg_192_255_0_2_i_1_n_0            |                                   |                8 |             32 |         4.00 |
|  clk_gen/inst/clk_out1 | fp/s4/lb/line_ram_1_reg_128_191_0_2_i_1_n_0            |                                   |                8 |             32 |         4.00 |
|  clk_gen/inst/clk_out1 | fp/s4/lb/line_ram_1_reg_64_127_0_2_i_1_n_0             |                                   |                8 |             32 |         4.00 |
|  clk_gen/inst/clk_out1 | fp/s5/lb/line_ram_0_reg_0_63_0_2_i_1__0_n_0            |                                   |                8 |             32 |         4.00 |
|  clk_gen/inst/clk_out1 | fp/s5/lb/line_ram_0_reg_192_255_0_2_i_1__0_n_0         |                                   |                8 |             32 |         4.00 |
|  clk_gen/inst/clk_out1 | fp/s5/lb/line_ram_0_reg_128_191_0_2_i_1__0_n_0         |                                   |                8 |             32 |         4.00 |
|  clk_gen/inst/clk_out1 | fp/s5/lb/line_ram_0_reg_256_319_0_2_i_1__0_n_0         |                                   |                8 |             32 |         4.00 |
|  clk_gen/inst/clk_out1 | fp/s5/lb/line_ram_0_reg_64_127_0_2_i_1__0_n_0          |                                   |                8 |             32 |         4.00 |
|  clk_gen/inst/clk_out1 | fp/s5/lb/line_ram_1_reg_0_63_0_2_i_1__0_n_0            |                                   |                8 |             32 |         4.00 |
|  clk_gen/inst/clk_out1 | fp/s5/lb/line_ram_1_reg_256_319_0_2_i_1__0_n_0         |                                   |                8 |             32 |         4.00 |
|  clk_gen/inst/clk_out1 | fp/s5/lb/line_ram_1_reg_128_191_0_2_i_1__0_n_0         |                                   |                8 |             32 |         4.00 |
|  clk_gen/inst/clk_out1 | fp/s5/lb/line_ram_1_reg_192_255_0_2_i_1__0_n_0         |                                   |                8 |             32 |         4.00 |
|  clk_gen/inst/clk_out1 | fp/s5/lb/line_ram_1_reg_64_127_0_2_i_1__0_n_0          |                                   |                8 |             32 |         4.00 |
|  cam_pclk_IBUF_BUFG    | capture/wr_addr[16]_i_1_n_0                            |                                   |               10 |             33 |         3.30 |
|  clk_gen/inst/clk_out1 |                                                        |                                   |               39 |            120 |         3.08 |
|  clk_gen/inst/clk_out1 |                                                        | reset_btn_IBUF                    |               83 |            285 |         3.43 |
|  clk_gen/inst/clk_out1 | vga/pixel_advance                                      | reset_btn_IBUF                    |              153 |            522 |         3.41 |
+------------------------+--------------------------------------------------------+-----------------------------------+------------------+----------------+--------------+


