Copyright 1986-2022 Xilinx, Inc. All Rights Reserved. Copyright 2022-2025 Advanced Micro Devices, Inc. All Rights Reserved.
---------------------------------------------------------------------------------------------------------------------------------------------
| Tool Version : Vivado v.2025.1 (win64) Build 6140274 Thu May 22 00:12:29 MDT 2025
| Date         : Thu May  7 18:51:57 2026
| Host         : afiflaptop running 64-bit major release  (build 9200)
| Command      : report_control_sets -verbose -file top_control_sets_placed.rpt
| Design       : top
| Device       : xc7s50
---------------------------------------------------------------------------------------------------------------------------------------------

Control Set Information

Table of Contents
-----------------
1. Summary
2. Histogram
3. Flip-Flop Distribution
4. Detailed Control Set Information

1. Summary
----------

+----------------------------------------------------------+-------+
|                          Status                          | Count |
+----------------------------------------------------------+-------+
| Total control sets                                       |    82 |
|    Minimum number of control sets                        |    82 |
|    Addition due to synthesis replication                 |     0 |
|    Addition due to physical synthesis replication        |     0 |
| Unused register locations in slices containing registers |   136 |
+----------------------------------------------------------+-------+
* Control sets can be merged at opt_design using control_set_merge or merge_equivalent_drivers
** Run report_qor_suggestions for automated merging and remapping suggestions


2. Histogram
------------

+--------------------+-------+
|       Fanout       | Count |
+--------------------+-------+
| Total control sets |    82 |
| >= 0 to < 4        |     4 |
| >= 4 to < 6        |     4 |
| >= 6 to < 8        |     1 |
| >= 8 to < 10       |    12 |
| >= 10 to < 12      |     1 |
| >= 12 to < 14      |     2 |
| >= 14 to < 16      |     1 |
| >= 16              |    57 |
+--------------------+-------+
* Control sets can be remapped at either synth_design or opt_design


3. Flip-Flop Distribution
-------------------------

+--------------+-----------------------+------------------------+-----------------+--------------+
| Clock Enable | Synchronous Set/Reset | Asynchronous Set/Reset | Total Registers | Total Slices |
+--------------+-----------------------+------------------------+-----------------+--------------+
| No           | No                    | No                     |             330 |          192 |
| No           | No                    | Yes                    |              61 |           35 |
| No           | Yes                   | No                     |             363 |          115 |
| Yes          | No                    | No                     |              41 |           21 |
| Yes          | No                    | Yes                    |             102 |           29 |
| Yes          | Yes                   | No                     |            1327 |          512 |
+--------------+-----------------------+------------------------+-----------------+--------------+


4. Detailed Control Set Information
-----------------------------------

+------------------------+----------------------------------------------------+-----------------------------------+------------------+----------------+--------------+
|      Clock Signal      |                    Enable Signal                   |          Set/Reset Signal         | Slice Load Count | Bel Load Count | Bels / Slice |
+------------------------+----------------------------------------------------+-----------------------------------+------------------+----------------+--------------+
|  clk_gen/inst/clk_out3 | cam_init/config_done_i_1_n_0                       | cam_init/sccb_ctrl/init_ready_reg |                1 |              1 |         1.00 |
| ~cam_pclk_buf          |                                                    | capture/wr_en_i_1_n_0             |                1 |              2 |         2.00 |
|  clk_gen/inst/clk_out3 | cam_init/sccb_ctrl/sioc_i_1_n_0                    | cam_init/sccb_ctrl/init_ready_reg |                1 |              2 |         2.00 |
| ~cam_pclk_buf          |                                                    |                                   |                2 |              3 |         1.50 |
|  clk_gen/inst/clk_out3 | cam_init/sccb_ctrl/FSM_sequential_state[3]_i_1_n_0 | cam_init/sccb_ctrl/init_ready_reg |                1 |              4 |         4.00 |
|  clk_gen/inst/clk_out3 | cam_init/sccb_ctrl/bit_cnt                         | cam_init/sccb_ctrl/init_ready_reg |                1 |              4 |         4.00 |
|  clk_gen/inst/clk_out3 |                                                    |                                   |                4 |              4 |         1.00 |
|  clk_gen/inst/clk_out1 |                                                    | txt/video_out[7]_i_1_n_0          |                2 |              4 |         2.00 |
|  clk_gen/inst/clk_out3 |                                                    | cam_init/sccb_ctrl/init_ready_reg |                4 |              7 |         1.75 |
|  clk_gen/inst/clk_out1 |                                                    | vga/p_0_in[0]                     |                4 |              8 |         2.00 |
|  clk_gen/inst/clk_out1 |                                                    | fp/s5/lb/p_1_in[0]                |                3 |              8 |         2.67 |
| ~cam_pclk_buf          | capture/high_byte[7]_i_1_n_0                       |                                   |                6 |              8 |         1.33 |
|  clk_gen/inst/clk_out1 |                                                    | sw_sync_gen[15].sw_sf/p_0_in[0]   |                2 |              8 |         4.00 |
|  clk_gen/inst/clk_out1 |                                                    | fp/s5/lb/p_1_in[1]                |                4 |              8 |         2.00 |
|  clk_gen/inst/clk_out1 |                                                    | fp/s5/lb/p_1_in[2]                |                2 |              8 |         4.00 |
|  clk_gen/inst/clk_out1 |                                                    | sw_sync_gen[15].sw_sf/p_0_in[1]   |                2 |              8 |         4.00 |
| ~cam_pclk_buf          | capture/row[8]_i_2_n_0                             | capture/wr_en1__0                 |                3 |              9 |         3.00 |
|  clk_gen/inst/clk_out1 | fp/pa_pipe[6]                                      | fp/s6/lb/wr_ptr[8]_i_1__1_n_0     |                4 |              9 |         2.25 |
|  clk_gen/inst/clk_out1 | vga/pixel_advance                                  | vga/SR[0]                         |                3 |              9 |         3.00 |
|  clk_gen/inst/clk_out1 | fp/pa_pipe[8]                                      | fp/s7/lb/wr_ptr[8]_i_1__2_n_0     |                3 |              9 |         3.00 |
|  clk_gen/inst/clk_out1 | fp/pa_pipe[4]                                      | fp/s5/lb/wr_ptr[8]_i_1__0_n_0     |                2 |              9 |         4.50 |
| ~cam_pclk_buf          | capture/col                                        | capture/col[9]_i_1_n_0            |                3 |             10 |         3.33 |
|  clk_gen/inst/clk_out1 |                                                    | fp/in_window_pipe[0]              |                5 |             12 |         2.40 |
|  clk_gen/inst/clk_out3 | cam_init/sccb_reg_data[6]_i_2_n_0                  | cam_init/sccb_reg_data[6]_i_1_n_0 |                6 |             13 |         2.17 |
|  clk_gen/inst/clk_out3 | cam_init/rom_idx_rep_rep[6]_i_1_n_0                | cam_init/sccb_ctrl/init_ready_reg |                4 |             14 |         3.50 |
| ~cam_pclk_buf          | capture/wr_data[15]_i_1_n_0                        |                                   |               10 |             16 |         1.60 |
|  clk_gen/inst/clk_out3 | cam_init/sccb_ctrl/clk_cnt_0                       | cam_init/sccb_ctrl/init_ready_reg |                3 |             16 |         5.33 |
|  clk_gen/inst/clk_out1 | vga/vc                                             | reset_btn_IBUF                    |                5 |             16 |         3.20 |
| ~cam_pclk_buf          | capture/wr_addr[16]_i_1_n_0                        |                                   |                5 |             17 |         3.40 |
|  clk_gen/inst/clk_out1 |                                                    | fb_rd_addr[16]_i_1_n_0            |                5 |             17 |         3.40 |
|  clk_gen/inst/clk_out3 | cam_init/sccb_ctrl/E[0]                            | cam_init/sccb_ctrl/init_ready_reg |                8 |             21 |         2.62 |
|  clk_gen/inst/clk_out3 | init_delay[0]_i_2_n_0                              | clear                             |                6 |             24 |         4.00 |
|  clk_gen/inst/clk_out3 | cam_init/sccb_ctrl/shift_reg_1                     | cam_init/sccb_ctrl/init_ready_reg |                5 |             24 |         4.80 |
|  clk_gen/inst/clk_out1 | fp/s5/lb/line_ram_0_reg_256_319_0_2_i_1__0_n_0     |                                   |                8 |             32 |         4.00 |
|  clk_gen/inst/clk_out1 | fp/s5/lb/line_ram_0_reg_128_191_0_2_i_1__0_n_0     |                                   |                8 |             32 |         4.00 |
|  clk_gen/inst/clk_out1 | fp/s4/lb/line_ram_1_reg_192_255_0_2_i_1_n_0        |                                   |                8 |             32 |         4.00 |
|  clk_gen/inst/clk_out1 | fp/s4/lb/line_ram_0_reg_128_191_0_2_i_1_n_0        |                                   |                8 |             32 |         4.00 |
|  clk_gen/inst/clk_out1 | fp/s4/lb/line_ram_0_reg_0_63_0_2_i_1_n_0           |                                   |                8 |             32 |         4.00 |
|  clk_gen/inst/clk_out1 | fp/s4/lb/line_ram_0_reg_256_319_0_2_i_1_n_0        |                                   |                8 |             32 |         4.00 |
|  clk_gen/inst/clk_out1 | fp/s4/lb/line_ram_0_reg_64_127_0_2_i_1_n_0         |                                   |                8 |             32 |         4.00 |
|  clk_gen/inst/clk_out1 | fp/s4/lb/line_ram_0_reg_192_255_0_2_i_1_n_0        |                                   |                8 |             32 |         4.00 |
|  clk_gen/inst/clk_out1 | fp/s4/lb/line_ram_1_reg_0_63_0_2_i_1_n_0           |                                   |                8 |             32 |         4.00 |
|  clk_gen/inst/clk_out1 | fp/s4/lb/line_ram_1_reg_128_191_0_2_i_1_n_0        |                                   |                8 |             32 |         4.00 |
|  clk_gen/inst/clk_out1 | fp/s6/lb/line_ram_0_reg_0_63_0_2_i_1__1_n_0        |                                   |                8 |             32 |         4.00 |
|  clk_gen/inst/clk_out1 | fp/s4/lb/line_ram_1_reg_256_319_0_2_i_1_n_0        |                                   |                8 |             32 |         4.00 |
|  clk_gen/inst/clk_out1 | fp/s4/lb/line_ram_1_reg_64_127_0_2_i_1_n_0         |                                   |                8 |             32 |         4.00 |
|  clk_gen/inst/clk_out1 | fp/s5/lb/line_ram_0_reg_192_255_0_2_i_1__0_n_0     |                                   |                8 |             32 |         4.00 |
|  clk_gen/inst/clk_out1 | fp/s5/lb/line_ram_1_reg_64_127_0_2_i_1__0_n_0      |                                   |                8 |             32 |         4.00 |
|  clk_gen/inst/clk_out1 | fp/s5/lb/line_ram_1_reg_256_319_0_2_i_1__0_n_0     |                                   |                8 |             32 |         4.00 |
|  clk_gen/inst/clk_out1 | fp/s5/lb/line_ram_0_reg_0_63_0_2_i_1__0_n_0        |                                   |                8 |             32 |         4.00 |
|  clk_gen/inst/clk_out1 | fp/s7/lb/line_ram_0_reg_0_63_0_2_i_1__2_n_0        |                                   |                8 |             32 |         4.00 |
|  clk_gen/inst/clk_out1 | fp/s7/lb/line_ram_0_reg_128_191_0_2_i_1__2_n_0     |                                   |                8 |             32 |         4.00 |
|  clk_gen/inst/clk_out1 | fp/s7/lb/line_ram_0_reg_256_319_0_2_i_1__2_n_0     |                                   |                8 |             32 |         4.00 |
|  clk_gen/inst/clk_out1 | fp/s7/lb/line_ram_0_reg_192_255_0_2_i_1__2_n_0     |                                   |                8 |             32 |         4.00 |
|  clk_gen/inst/clk_out1 | fp/s7/lb/line_ram_1_reg_0_63_0_2_i_1__2_n_0        |                                   |                8 |             32 |         4.00 |
|  clk_gen/inst/clk_out1 | fp/s7/lb/line_ram_0_reg_64_127_0_2_i_1__2_n_0      |                                   |                8 |             32 |         4.00 |
|  clk_gen/inst/clk_out1 | fp/s7/lb/line_ram_1_reg_128_191_0_2_i_1__2_n_0     |                                   |                8 |             32 |         4.00 |
|  clk_gen/inst/clk_out1 | fp/s7/lb/line_ram_1_reg_192_255_0_2_i_1__2_n_0     |                                   |                8 |             32 |         4.00 |
|  clk_gen/inst/clk_out1 | fp/s7/lb/line_ram_1_reg_256_319_0_2_i_1__2_n_0     |                                   |                8 |             32 |         4.00 |
|  clk_gen/inst/clk_out1 | fp/s7/lb/line_ram_1_reg_64_127_0_2_i_1__2_n_0      |                                   |                8 |             32 |         4.00 |
|  clk_gen/inst/clk_out1 | fp/s6/lb/line_ram_0_reg_128_191_0_2_i_1__1_n_0     |                                   |                8 |             32 |         4.00 |
|  clk_gen/inst/clk_out1 | fp/s5/lb/line_ram_1_reg_192_255_0_2_i_1__0_n_0     |                                   |                8 |             32 |         4.00 |
|  clk_gen/inst/clk_out1 | fp/s6/lb/line_ram_0_reg_256_319_0_2_i_1__1_n_0     |                                   |                8 |             32 |         4.00 |
|  clk_gen/inst/clk_out1 | fp/s6/lb/line_ram_0_reg_192_255_0_2_i_1__1_n_0     |                                   |                8 |             32 |         4.00 |
|  clk_gen/inst/clk_out1 | fp/s6/lb/line_ram_1_reg_0_63_0_2_i_1__1_n_0        |                                   |                8 |             32 |         4.00 |
|  clk_gen/inst/clk_out1 | fp/s6/lb/line_ram_1_reg_128_191_0_2_i_1__1_n_0     |                                   |                8 |             32 |         4.00 |
|  clk_gen/inst/clk_out1 | fp/s6/lb/line_ram_1_reg_192_255_0_2_i_1__1_n_0     |                                   |                8 |             32 |         4.00 |
|  clk_gen/inst/clk_out1 | fp/s6/lb/line_ram_1_reg_256_319_0_2_i_1__1_n_0     |                                   |                8 |             32 |         4.00 |
|  clk_gen/inst/clk_out1 | fp/s6/lb/line_ram_1_reg_64_127_0_2_i_1__1_n_0      |                                   |                8 |             32 |         4.00 |
|  clk_gen/inst/clk_out1 | fp/s5/lb/line_ram_0_reg_64_127_0_2_i_1__0_n_0      |                                   |                8 |             32 |         4.00 |
|  clk_gen/inst/clk_out1 | fp/s5/lb/line_ram_1_reg_128_191_0_2_i_1__0_n_0     |                                   |                8 |             32 |         4.00 |
|  clk_gen/inst/clk_out1 | fp/s5/lb/line_ram_1_reg_0_63_0_2_i_1__0_n_0        |                                   |                8 |             32 |         4.00 |
|  clk_gen/inst/clk_out1 | fp/s6/lb/line_ram_0_reg_64_127_0_2_i_1__1_n_0      |                                   |                8 |             32 |         4.00 |
|  clk_gen/inst/clk_out1 | txt/vsync_fall                                     | reset_btn_IBUF                    |               16 |             34 |         2.12 |
|  clk_gen/inst/clk_out1 |                                                    | hdmi_inst/inst/encr/AR[0]         |               25 |             42 |         1.68 |
|  clk_gen/inst/clk_out1 | fp/pa_pipe[8]                                      | reset_btn_IBUF                    |               91 |            207 |         2.27 |
|  clk_gen/inst/clk_out1 | fp/pa_pipe[4]                                      | reset_btn_IBUF                    |               71 |            231 |         3.25 |
|  clk_gen/inst/clk_out1 | vga/pixel_advance                                  | reset_btn_IBUF                    |               55 |            231 |         4.20 |
|  clk_gen/inst/clk_out1 | fp/pa_pipe[6]                                      | reset_btn_IBUF                    |               79 |            231 |         2.92 |
|  clk_gen/inst/clk_out1 |                                                    | reset_btn_IBUF                    |               91 |            292 |         3.21 |
|  clk_gen/inst/clk_out1 | txt/vsync_fall                                     | txt/reset_btn                     |              170 |            301 |         1.77 |
|  clk_gen/inst/clk_out1 |                                                    |                                   |              189 |            343 |         1.81 |
+------------------------+----------------------------------------------------+-----------------------------------+------------------+----------------+--------------+


