Copyright 1986-2022 Xilinx, Inc. All Rights Reserved. Copyright 2022-2025 Advanced Micro Devices, Inc. All Rights Reserved.
---------------------------------------------------------------------------------------------------------------------------------------------
| Tool Version : Vivado v.2025.1 (win64) Build 6140274 Thu May 22 00:12:29 MDT 2025
| Date         : Wed May  6 17:37:23 2026
| Host         : afiflaptop running 64-bit major release  (build 9200)
| Command      : report_control_sets -verbose -file top_control_sets_placed.rpt
| Design       : top
| Device       : xc7s50
---------------------------------------------------------------------------------------------------------------------------------------------

Control Set Information

Table of Contents
-----------------
1. Summary
2. Histogram
3. Flip-Flop Distribution
4. Detailed Control Set Information

1. Summary
----------

+----------------------------------------------------------+-------+
|                          Status                          | Count |
+----------------------------------------------------------+-------+
| Total control sets                                       |    85 |
|    Minimum number of control sets                        |    85 |
|    Addition due to synthesis replication                 |     0 |
|    Addition due to physical synthesis replication        |     0 |
| Unused register locations in slices containing registers |   142 |
+----------------------------------------------------------+-------+
* Control sets can be merged at opt_design using control_set_merge or merge_equivalent_drivers
** Run report_qor_suggestions for automated merging and remapping suggestions


2. Histogram
------------

+--------------------+-------+
|       Fanout       | Count |
+--------------------+-------+
| Total control sets |    85 |
| >= 0 to < 4        |     5 |
| >= 4 to < 6        |     4 |
| >= 6 to < 8        |     4 |
| >= 8 to < 10       |    13 |
| >= 10 to < 12      |     0 |
| >= 12 to < 14      |     2 |
| >= 14 to < 16      |     1 |
| >= 16              |    56 |
+--------------------+-------+
* Control sets can be remapped at either synth_design or opt_design


3. Flip-Flop Distribution
-------------------------

+--------------+-----------------------+------------------------+-----------------+--------------+
| Clock Enable | Synchronous Set/Reset | Asynchronous Set/Reset | Total Registers | Total Slices |
+--------------+-----------------------+------------------------+-----------------+--------------+
| No           | No                    | No                     |             327 |          196 |
| No           | No                    | Yes                    |              61 |           32 |
| No           | Yes                   | No                     |             407 |          124 |
| Yes          | No                    | No                     |              45 |           17 |
| Yes          | No                    | Yes                    |             102 |           29 |
| Yes          | Yes                   | No                     |            1324 |          551 |
+--------------+-----------------------+------------------------+-----------------+--------------+


4. Detailed Control Set Information
-----------------------------------

+------------------------+----------------------------------------------------+-----------------------------------+------------------+----------------+--------------+
|      Clock Signal      |                    Enable Signal                   |          Set/Reset Signal         | Slice Load Count | Bel Load Count | Bels / Slice |
+------------------------+----------------------------------------------------+-----------------------------------+------------------+----------------+--------------+
|  clk_gen/inst/clk_out3 |                                                    |                                   |                1 |              1 |         1.00 |
|  clk_gen/inst/clk_out3 | cam_init/config_done_i_1_n_0                       | cam_init/sccb_ctrl/init_ready_reg |                1 |              1 |         1.00 |
|  clk_gen/inst/clk_out3 | cam_init/sccb_ctrl/sioc_i_1_n_0                    | cam_init/sccb_ctrl/init_ready_reg |                1 |              2 |         2.00 |
|  cam_pclk_IBUF_BUFG    |                                                    | capture/wr_en_i_1_n_0             |                1 |              2 |         2.00 |
|  cam_pclk_IBUF_BUFG    |                                                    |                                   |                2 |              3 |         1.50 |
|  clk_gen/inst/clk_out3 | cam_init/sccb_ctrl/bit_cnt                         | cam_init/sccb_ctrl/init_ready_reg |                1 |              4 |         4.00 |
|  clk_gen/inst/clk_out3 | cam_init/sccb_ctrl/FSM_sequential_state[3]_i_1_n_0 | cam_init/sccb_ctrl/init_ready_reg |                2 |              4 |         2.00 |
|  clk_gen/inst/clk_out3 | cam_init/sccb_reg_data[7]_i_1_n_0                  |                                   |                4 |              4 |         1.00 |
|  clk_gen/inst/clk_out1 |                                                    | txt/video_out[7]_i_1_n_0          |                1 |              4 |         4.00 |
|  clk_gen/inst/clk_out3 |                                                    | cam_init/sccb_ctrl/init_ready_reg |                5 |              7 |         1.40 |
|  clk_gen/inst/clk_out1 |                                                    | sw_sync_gen[4].sw_sf/p_0_in[2]    |                3 |              7 |         2.33 |
|  clk_gen/inst/clk_out1 |                                                    | sw_sync_gen[4].sw_sf/p_0_in[0]    |                3 |              7 |         2.33 |
|  clk_gen/inst/clk_out1 |                                                    | sw_sync_gen[4].sw_sf/p_0_in[1]    |                4 |              7 |         1.75 |
|  clk_gen/inst/clk_out1 |                                                    | fp/s6/lb/SR[0]                    |                2 |              8 |         4.00 |
|  clk_gen/inst/clk_out1 |                                                    | fp/s5/lb/p_1_in[2]                |                3 |              8 |         2.67 |
|  clk_gen/inst/clk_out1 |                                                    | fp/s5/lb/p_1_in[1]                |                3 |              8 |         2.67 |
|  clk_gen/inst/clk_out1 |                                                    | fp/s5/lb/p_1_in[0]                |                3 |              8 |         2.67 |
|  clk_gen/inst/clk_out1 |                                                    | fp/s6/lb/SR[2]                    |                2 |              8 |         4.00 |
|  clk_gen/inst/clk_out1 |                                                    | fp/s6/lb/SR[1]                    |                2 |              8 |         4.00 |
|  cam_pclk_IBUF_BUFG    | capture/high_byte[7]_i_1_n_0                       |                                   |                3 |              8 |         2.67 |
|  cam_pclk_IBUF_BUFG    | capture/row                                        | capture/wr_en1                    |                2 |              8 |         4.00 |
|  clk_gen/inst/clk_out1 | fp/pa_pipe[6]                                      | fp/s6/lb/wr_ptr[8]_i_1__1_n_0     |                4 |              9 |         2.25 |
|  clk_gen/inst/clk_out1 | fp/pa_pipe[8]                                      | fp/s7/lb/wr_ptr[8]_i_1__2_n_0     |                2 |              9 |         4.50 |
|  clk_gen/inst/clk_out1 | fp/pa_pipe[4]                                      | fp/s5/lb/wr_ptr[8]_i_1__0_n_0     |                3 |              9 |         3.00 |
|  clk_gen/inst/clk_out1 | vga/pixel_advance                                  | vga/SR[0]                         |                5 |              9 |         1.80 |
|  cam_pclk_IBUF_BUFG    | capture/col                                        | capture/col[8]_i_1_n_0            |                3 |              9 |         3.00 |
|  clk_gen/inst/clk_out3 | cam_init/sccb_reg_data[7]_i_1_n_0                  | cam_init/sccb_reg_data[6]_i_1_n_0 |                5 |             12 |         2.40 |
|  clk_gen/inst/clk_out1 |                                                    | fp/in_window_pipe[0]              |                2 |             12 |         6.00 |
|  clk_gen/inst/clk_out3 | cam_init/rom_idx_rep_rep[6]_i_1_n_0                | cam_init/sccb_ctrl/init_ready_reg |                4 |             14 |         3.50 |
|  clk_gen/inst/clk_out1 | vga/vc                                             | reset_btn_IBUF                    |                6 |             16 |         2.67 |
|  clk_gen/inst/clk_out3 | cam_init/sccb_ctrl/clk_cnt_0                       | cam_init/sccb_ctrl/init_ready_reg |                4 |             16 |         4.00 |
|  clk_gen/inst/clk_out1 |                                                    | fb_rd_addr[16]_i_1_n_0            |                5 |             17 |         3.40 |
|  clk_gen/inst/clk_out3 | cam_init/sccb_ctrl/E[0]                            | cam_init/sccb_ctrl/init_ready_reg |                4 |             21 |         5.25 |
|  clk_gen/inst/clk_out3 | cam_init/sccb_ctrl/shift_reg_1                     | cam_init/sccb_ctrl/init_ready_reg |                6 |             24 |         4.00 |
|  clk_gen/inst/clk_out3 | init_delay[0]_i_2_n_0                              | clear                             |                6 |             24 |         4.00 |
|  clk_gen/inst/clk_out1 | fp/s4/lb/line_ram_0_reg_256_319_0_2_i_1_n_0        |                                   |                8 |             32 |         4.00 |
|  clk_gen/inst/clk_out1 | fp/s4/lb/line_ram_0_reg_64_127_0_2_i_1_n_0         |                                   |                8 |             32 |         4.00 |
|  clk_gen/inst/clk_out1 | fp/s4/lb/line_ram_1_reg_128_191_0_2_i_1_n_0        |                                   |                8 |             32 |         4.00 |
|  clk_gen/inst/clk_out1 | fp/s4/lb/line_ram_1_reg_192_255_0_2_i_1_n_0        |                                   |                8 |             32 |         4.00 |
|  clk_gen/inst/clk_out1 | fp/s4/lb/line_ram_1_reg_0_63_0_2_i_1_n_0           |                                   |                8 |             32 |         4.00 |
|  clk_gen/inst/clk_out1 | fp/s4/lb/line_ram_1_reg_256_319_0_2_i_1_n_0        |                                   |                8 |             32 |         4.00 |
|  clk_gen/inst/clk_out1 | fp/s4/lb/line_ram_1_reg_64_127_0_2_i_1_n_0         |                                   |                8 |             32 |         4.00 |
|  clk_gen/inst/clk_out1 | fp/s5/lb/line_ram_1_reg_256_319_0_2_i_1__0_n_0     |                                   |                8 |             32 |         4.00 |
|  clk_gen/inst/clk_out1 | fp/s5/lb/line_ram_0_reg_0_63_0_2_i_1__0_n_0        |                                   |                8 |             32 |         4.00 |
|  clk_gen/inst/clk_out1 | fp/s5/lb/line_ram_0_reg_192_255_0_2_i_1__0_n_0     |                                   |                8 |             32 |         4.00 |
|  clk_gen/inst/clk_out1 | fp/s5/lb/line_ram_0_reg_256_319_0_2_i_1__0_n_0     |                                   |                8 |             32 |         4.00 |
|  clk_gen/inst/clk_out1 | fp/s5/lb/line_ram_0_reg_128_191_0_2_i_1__0_n_0     |                                   |                8 |             32 |         4.00 |
|  clk_gen/inst/clk_out1 | fp/s5/lb/line_ram_0_reg_64_127_0_2_i_1__0_n_0      |                                   |                8 |             32 |         4.00 |
|  clk_gen/inst/clk_out1 | fp/s5/lb/line_ram_1_reg_0_63_0_2_i_1__0_n_0        |                                   |                8 |             32 |         4.00 |
|  clk_gen/inst/clk_out1 | fp/s5/lb/line_ram_1_reg_192_255_0_2_i_1__0_n_0     |                                   |                8 |             32 |         4.00 |
|  clk_gen/inst/clk_out1 | fp/s5/lb/line_ram_1_reg_128_191_0_2_i_1__0_n_0     |                                   |                8 |             32 |         4.00 |
|  clk_gen/inst/clk_out1 | fp/s5/lb/line_ram_1_reg_64_127_0_2_i_1__0_n_0      |                                   |                8 |             32 |         4.00 |
|  clk_gen/inst/clk_out1 | fp/s7/lb/line_ram_0_reg_0_63_0_2_i_1__2_n_0        |                                   |                8 |             32 |         4.00 |
|  clk_gen/inst/clk_out1 | fp/s7/lb/line_ram_0_reg_256_319_0_2_i_1__2_n_0     |                                   |                8 |             32 |         4.00 |
|  clk_gen/inst/clk_out1 | fp/s7/lb/line_ram_0_reg_192_255_0_2_i_1__2_n_0     |                                   |                8 |             32 |         4.00 |
|  clk_gen/inst/clk_out1 | fp/s7/lb/line_ram_0_reg_128_191_0_2_i_1__2_n_0     |                                   |                8 |             32 |         4.00 |
|  clk_gen/inst/clk_out1 | fp/s7/lb/line_ram_1_reg_0_63_0_2_i_1__2_n_0        |                                   |                8 |             32 |         4.00 |
|  clk_gen/inst/clk_out1 | fp/s7/lb/line_ram_0_reg_64_127_0_2_i_1__2_n_0      |                                   |                8 |             32 |         4.00 |
|  clk_gen/inst/clk_out1 | fp/s7/lb/line_ram_1_reg_128_191_0_2_i_1__2_n_0     |                                   |                8 |             32 |         4.00 |
|  clk_gen/inst/clk_out1 | fp/s7/lb/line_ram_1_reg_256_319_0_2_i_1__2_n_0     |                                   |                8 |             32 |         4.00 |
|  clk_gen/inst/clk_out1 | fp/s7/lb/line_ram_1_reg_192_255_0_2_i_1__2_n_0     |                                   |                8 |             32 |         4.00 |
|  clk_gen/inst/clk_out1 | fp/s7/lb/line_ram_1_reg_64_127_0_2_i_1__2_n_0      |                                   |                8 |             32 |         4.00 |
|  clk_gen/inst/clk_out1 | fp/s6/lb/line_ram_0_reg_192_255_0_2_i_1__1_n_0     |                                   |                8 |             32 |         4.00 |
|  clk_gen/inst/clk_out1 | fp/s6/lb/line_ram_0_reg_128_191_0_2_i_1__1_n_0     |                                   |                8 |             32 |         4.00 |
|  clk_gen/inst/clk_out1 | fp/s6/lb/line_ram_0_reg_256_319_0_2_i_1__1_n_0     |                                   |                8 |             32 |         4.00 |
|  clk_gen/inst/clk_out1 | fp/s6/lb/line_ram_0_reg_64_127_0_2_i_1__1_n_0      |                                   |                8 |             32 |         4.00 |
|  clk_gen/inst/clk_out1 | fp/s6/lb/line_ram_1_reg_0_63_0_2_i_1__1_n_0        |                                   |                8 |             32 |         4.00 |
|  clk_gen/inst/clk_out1 | fp/s6/lb/line_ram_1_reg_192_255_0_2_i_1__1_n_0     |                                   |                8 |             32 |         4.00 |
|  clk_gen/inst/clk_out1 | fp/s6/lb/line_ram_1_reg_256_319_0_2_i_1__1_n_0     |                                   |                8 |             32 |         4.00 |
|  clk_gen/inst/clk_out1 | fp/s6/lb/line_ram_1_reg_128_191_0_2_i_1__1_n_0     |                                   |                8 |             32 |         4.00 |
|  clk_gen/inst/clk_out1 | fp/s6/lb/line_ram_1_reg_64_127_0_2_i_1__1_n_0      |                                   |                8 |             32 |         4.00 |
|  clk_gen/inst/clk_out1 | fp/s6/lb/line_ram_0_reg_0_63_0_2_i_1__1_n_0        |                                   |                8 |             32 |         4.00 |
|  clk_gen/inst/clk_out1 | fp/s4/lb/line_ram_0_reg_128_191_0_2_i_1_n_0        |                                   |                8 |             32 |         4.00 |
|  clk_gen/inst/clk_out1 | fp/s4/lb/line_ram_0_reg_0_63_0_2_i_1_n_0           |                                   |                8 |             32 |         4.00 |
|  clk_gen/inst/clk_out1 | fp/s4/lb/line_ram_0_reg_192_255_0_2_i_1_n_0        |                                   |                8 |             32 |         4.00 |
|  cam_pclk_IBUF_BUFG    | capture/wr_addr[16]_i_1_n_0                        |                                   |               10 |             33 |         3.30 |
|  clk_gen/inst/clk_out1 | txt/vsync_fall                                     | reset_btn_IBUF                    |               19 |             34 |         1.79 |
|  clk_gen/inst/clk_out1 |                                                    | hdmi_inst/inst/encr/AR[0]         |               22 |             42 |         1.91 |
|  clk_gen/inst/clk_out1 | fp/pa_pipe[8]                                      | reset_btn_IBUF                    |              101 |            207 |         2.05 |
|  clk_gen/inst/clk_out1 | vga/pixel_advance                                  | reset_btn_IBUF                    |               63 |            231 |         3.67 |
|  clk_gen/inst/clk_out1 | fp/pa_pipe[6]                                      | reset_btn_IBUF                    |               94 |            231 |         2.46 |
|  clk_gen/inst/clk_out1 | fp/pa_pipe[4]                                      | reset_btn_IBUF                    |               71 |            231 |         3.25 |
|  clk_gen/inst/clk_out1 | txt/vsync_fall                                     | txt/reset_btn                     |              173 |            301 |         1.74 |
|  clk_gen/inst/clk_out1 |                                                    | reset_btn_IBUF                    |               95 |            315 |         3.32 |
|  clk_gen/inst/clk_out1 |                                                    |                                   |              196 |            343 |         1.75 |
+------------------------+----------------------------------------------------+-----------------------------------+------------------+----------------+--------------+


