Copyright 1986-2022 Xilinx, Inc. All Rights Reserved. Copyright 2022-2025 Advanced Micro Devices, Inc. All Rights Reserved.
---------------------------------------------------------------------------------------------------------------------------------------------
| Tool Version : Vivado v.2025.1 (win64) Build 6140274 Thu May 22 00:12:29 MDT 2025
| Date         : Tue May  5 07:38:56 2026
| Host         : afiflaptop running 64-bit major release  (build 9200)
| Command      : report_control_sets -verbose -file top_control_sets_placed.rpt
| Design       : top
| Device       : xc7s50
---------------------------------------------------------------------------------------------------------------------------------------------

Control Set Information

Table of Contents
-----------------
1. Summary
2. Histogram
3. Flip-Flop Distribution
4. Detailed Control Set Information

1. Summary
----------

+----------------------------------------------------------+-------+
|                          Status                          | Count |
+----------------------------------------------------------+-------+
| Total control sets                                       |    58 |
|    Minimum number of control sets                        |    58 |
|    Addition due to synthesis replication                 |     0 |
|    Addition due to physical synthesis replication        |     0 |
| Unused register locations in slices containing registers |   110 |
+----------------------------------------------------------+-------+
* Control sets can be merged at opt_design using control_set_merge or merge_equivalent_drivers
** Run report_qor_suggestions for automated merging and remapping suggestions


2. Histogram
------------

+--------------------+-------+
|       Fanout       | Count |
+--------------------+-------+
| Total control sets |    58 |
| >= 0 to < 4        |     5 |
| >= 4 to < 6        |     4 |
| >= 6 to < 8        |     2 |
| >= 8 to < 10       |     4 |
| >= 10 to < 12      |     2 |
| >= 12 to < 14      |     0 |
| >= 14 to < 16      |     1 |
| >= 16              |    40 |
+--------------------+-------+
* Control sets can be remapped at either synth_design or opt_design


3. Flip-Flop Distribution
-------------------------

+--------------+-----------------------+------------------------+-----------------+--------------+
| Clock Enable | Synchronous Set/Reset | Asynchronous Set/Reset | Total Registers | Total Slices |
+--------------+-----------------------+------------------------+-----------------+--------------+
| No           | No                    | No                     |              93 |           38 |
| No           | No                    | Yes                    |              61 |           28 |
| No           | Yes                   | No                     |             269 |           79 |
| Yes          | No                    | No                     |              46 |           16 |
| Yes          | No                    | Yes                    |              95 |           25 |
| Yes          | Yes                   | No                     |             574 |          163 |
+--------------+-----------------------+------------------------+-----------------+--------------+


4. Detailed Control Set Information
-----------------------------------

+------------------------+----------------------------------------------------+-----------------------------------+------------------+----------------+--------------+
|      Clock Signal      |                    Enable Signal                   |          Set/Reset Signal         | Slice Load Count | Bel Load Count | Bels / Slice |
+------------------------+----------------------------------------------------+-----------------------------------+------------------+----------------+--------------+
|  clk_gen/inst/clk_out3 | cam_init/sccb_ctrl/sioc_i_1_n_0                    | cam_init/sccb_ctrl/init_ready_reg |                1 |              1 |         1.00 |
|  clk_gen/inst/clk_out3 |                                                    |                                   |                1 |              1 |         1.00 |
|  clk_gen/inst/clk_out3 | cam_init/config_done_i_1_n_0                       | cam_init/sccb_ctrl/init_ready_reg |                1 |              1 |         1.00 |
|  cam_pclk_IBUF_BUFG    |                                                    | capture/byte_sel                  |                2 |              2 |         1.00 |
|  cam_pclk_IBUF_BUFG    |                                                    |                                   |                2 |              3 |         1.50 |
|  clk_gen/inst/clk_out3 | cam_init/sccb_ctrl/FSM_sequential_state[3]_i_1_n_0 | cam_init/sccb_ctrl/init_ready_reg |                1 |              4 |         4.00 |
|  clk_gen/inst/clk_out1 |                                                    | fp/s5/lb/SR[0]                    |                1 |              4 |         4.00 |
|  clk_gen/inst/clk_out3 | cam_init/sccb_ctrl/bit_cnt                         | cam_init/sccb_ctrl/init_ready_reg |                1 |              4 |         4.00 |
|  clk_gen/inst/clk_out3 | cam_init/sccb_reg_data[7]_i_1_n_0                  |                                   |                4 |              5 |         1.25 |
|  clk_gen/inst/clk_out1 |                                                    | fp/s5/lb/SR[2]                    |                2 |              6 |         3.00 |
|  clk_gen/inst/clk_out3 |                                                    | cam_init/sccb_ctrl/init_ready_reg |                4 |              7 |         1.75 |
|  cam_pclk_IBUF_BUFG    | capture/high_byte[7]_i_1_n_0                       |                                   |                2 |              8 |         4.00 |
|  cam_pclk_IBUF_BUFG    | capture/row                                        | capture/wr_en1                    |                3 |              8 |         2.67 |
|  clk_gen/inst/clk_out1 |                                                    | fp/s5/lb/SR[1]                    |                4 |              8 |         2.00 |
|  cam_pclk_IBUF_BUFG    | capture/col                                        | capture/byte_sel                  |                2 |              9 |         4.50 |
|  clk_gen/inst/clk_out1 | vga/vc                                             | reset_btn_IBUF                    |                3 |             10 |         3.33 |
|  clk_gen/inst/clk_out3 | cam_init/sccb_reg_data[7]_i_1_n_0                  | cam_init/sccb_reg_data[6]_i_1_n_0 |                4 |             11 |         2.75 |
|  clk_gen/inst/clk_out3 | cam_init/rom_idx_rep_rep[6]_i_1_n_0                | cam_init/sccb_ctrl/init_ready_reg |                5 |             14 |         2.80 |
|  clk_gen/inst/clk_out1 | fp/s6/lb/line_ram_0_reg_64_127_6_8_i_1_n_0         |                                   |                4 |             16 |         4.00 |
|  clk_gen/inst/clk_out3 | cam_init/sccb_ctrl/clk_cnt_0                       | cam_init/sccb_ctrl/init_ready_reg |                4 |             16 |         4.00 |
|  clk_gen/inst/clk_out1 | fp/s6/lb/line_ram_0_reg_0_63_6_8_i_1_n_0           |                                   |                4 |             16 |         4.00 |
|  clk_gen/inst/clk_out1 | fp/s6/lb/line_ram_1_reg_0_63_6_8_i_1_n_0           |                                   |                4 |             16 |         4.00 |
|  clk_gen/inst/clk_out1 | fp/s6/lb/line_ram_0_reg_192_255_6_8_i_1_n_0        |                                   |                4 |             16 |         4.00 |
|  clk_gen/inst/clk_out1 | fp/s6/lb/line_ram_0_reg_128_191_6_8_i_1_n_0        |                                   |                4 |             16 |         4.00 |
|  clk_gen/inst/clk_out1 | fp/s6/lb/line_ram_0_reg_256_319_6_8_i_1_n_0        |                                   |                4 |             16 |         4.00 |
|  clk_gen/inst/clk_out1 | fp/s6/lb/line_ram_1_reg_256_319_6_8_i_1_n_0        |                                   |                4 |             16 |         4.00 |
|  clk_gen/inst/clk_out1 | fp/s6/lb/line_ram_1_reg_128_191_6_8_i_1_n_0        |                                   |                4 |             16 |         4.00 |
|  clk_gen/inst/clk_out1 | fp/s6/lb/line_ram_1_reg_64_127_6_8_i_1_n_0         |                                   |                4 |             16 |         4.00 |
|  clk_gen/inst/clk_out1 | fp/s6/lb/line_ram_1_reg_192_255_6_8_i_1_n_0        |                                   |                4 |             16 |         4.00 |
|  clk_gen/inst/clk_out1 |                                                    | vga/SR[0]                         |                6 |             17 |         2.83 |
|  clk_gen/inst/clk_out3 | cam_init/sccb_ctrl/E[0]                            | cam_init/sccb_ctrl/init_ready_reg |                4 |             21 |         5.25 |
|  clk_gen/inst/clk_out3 | init_delay[0]_i_2_n_0                              | clear                             |                6 |             24 |         4.00 |
|  clk_gen/inst/clk_out3 | cam_init/sccb_ctrl/shift_reg_1                     | cam_init/sccb_ctrl/init_ready_reg |                5 |             24 |         4.80 |
|  clk_gen/inst/clk_out1 | fp/s4/lb/line_ram_1_reg_64_127_0_2_i_1_n_0         |                                   |                8 |             32 |         4.00 |
|  clk_gen/inst/clk_out1 | fp/s4/lb/line_ram_1_reg_256_319_0_2_i_1_n_0        |                                   |                8 |             32 |         4.00 |
|  clk_gen/inst/clk_out1 | fp/s5/lb/line_ram_0_reg_192_255_0_2_i_1__0_n_0     |                                   |                8 |             32 |         4.00 |
|  clk_gen/inst/clk_out1 | fp/s5/lb/line_ram_0_reg_0_63_0_2_i_1__0_n_0        |                                   |                8 |             32 |         4.00 |
|  clk_gen/inst/clk_out1 | fp/s5/lb/line_ram_0_reg_128_191_0_2_i_1__0_n_0     |                                   |                8 |             32 |         4.00 |
|  clk_gen/inst/clk_out1 | fp/s5/lb/line_ram_0_reg_256_319_0_2_i_1__0_n_0     |                                   |                8 |             32 |         4.00 |
|  clk_gen/inst/clk_out1 | fp/s5/lb/line_ram_0_reg_64_127_0_2_i_1__0_n_0      |                                   |                8 |             32 |         4.00 |
|  clk_gen/inst/clk_out1 | fp/s5/lb/line_ram_1_reg_128_191_0_2_i_1__0_n_0     |                                   |                8 |             32 |         4.00 |
|  clk_gen/inst/clk_out1 | fp/s5/lb/line_ram_1_reg_192_255_0_2_i_1__0_n_0     |                                   |                8 |             32 |         4.00 |
|  clk_gen/inst/clk_out1 | fp/s5/lb/line_ram_1_reg_0_63_0_2_i_1__0_n_0        |                                   |                8 |             32 |         4.00 |
|  clk_gen/inst/clk_out1 | fp/s4/lb/line_ram_0_reg_64_127_0_2_i_1_n_0         |                                   |                8 |             32 |         4.00 |
|  clk_gen/inst/clk_out1 | fp/s5/lb/line_ram_1_reg_256_319_0_2_i_1__0_n_0     |                                   |                8 |             32 |         4.00 |
|  clk_gen/inst/clk_out1 | fp/s4/lb/line_ram_0_reg_0_63_0_2_i_1_n_0           |                                   |                8 |             32 |         4.00 |
|  clk_gen/inst/clk_out1 | fp/s4/lb/line_ram_0_reg_192_255_0_2_i_1_n_0        |                                   |                8 |             32 |         4.00 |
|  clk_gen/inst/clk_out1 | fp/s4/lb/line_ram_0_reg_128_191_0_2_i_1_n_0        |                                   |                8 |             32 |         4.00 |
|  clk_gen/inst/clk_out1 | fp/s4/lb/line_ram_0_reg_256_319_0_2_i_1_n_0        |                                   |                8 |             32 |         4.00 |
|  clk_gen/inst/clk_out1 | fp/s4/lb/line_ram_1_reg_0_63_0_2_i_1_n_0           |                                   |                8 |             32 |         4.00 |
|  clk_gen/inst/clk_out1 | fp/s4/lb/line_ram_1_reg_192_255_0_2_i_1_n_0        |                                   |                8 |             32 |         4.00 |
|  clk_gen/inst/clk_out1 | fp/s4/lb/line_ram_1_reg_128_191_0_2_i_1_n_0        |                                   |                8 |             32 |         4.00 |
|  clk_gen/inst/clk_out1 | fp/s5/lb/line_ram_1_reg_64_127_0_2_i_1__0_n_0      |                                   |                8 |             32 |         4.00 |
|  cam_pclk_IBUF_BUFG    | capture/wr_addr[16]_i_1_n_0                        |                                   |               10 |             33 |         3.30 |
|  clk_gen/inst/clk_out1 |                                                    | hdmi_inst/inst/encr/AR[0]         |               19 |             42 |         2.21 |
|  clk_gen/inst/clk_out1 |                                                    |                                   |               38 |            107 |         2.82 |
|  clk_gen/inst/clk_out1 |                                                    | reset_btn_IBUF                    |               69 |            244 |         3.54 |
|  clk_gen/inst/clk_out1 | vga/pixel_advance                                  | reset_btn_IBUF                    |              148 |            522 |         3.53 |
+------------------------+----------------------------------------------------+-----------------------------------+------------------+----------------+--------------+


