Copyright 1986-2022 Xilinx, Inc. All Rights Reserved. Copyright 2022-2025 Advanced Micro Devices, Inc. All Rights Reserved.
-------------------------------------------------------------------------------------------------------------------------------------------------
| Tool Version     : Vivado v.2025.1 (win64) Build 6140274 Thu May 22 00:12:29 MDT 2025
| Date             : Thu May  7 18:53:19 2026
| Host             : afiflaptop running 64-bit major release  (build 9200)
| Command          : report_power -file top_power_routed.rpt -pb top_power_summary_routed.pb -rpx top_power_routed.rpx
| Design           : top
| Device           : xc7s50csga324-1
| Design State     : routed
| Grade            : commercial
| Process          : typical
| Characterization : Production
-------------------------------------------------------------------------------------------------------------------------------------------------

Power Report

Table of Contents
-----------------
1. Summary
1.1 On-Chip Components
1.2 Power Supply Summary
1.3 Confidence Level
2. Settings
2.1 Environment
2.2 Clock Constraints
3. Detailed Reports
3.1 By Hierarchy

1. Summary
----------

+--------------------------+--------------+
| Total On-Chip Power (W)  | 0.350        |
| Design Power Budget (W)  | Unspecified* |
| Power Budget Margin (W)  | NA           |
| Dynamic (W)              | 0.276        |
| Device Static (W)        | 0.074        |
| Effective TJA (C/W)      | 4.9          |
| Max Ambient (C)          | 83.3         |
| Junction Temperature (C) | 26.7         |
| Confidence Level         | Low          |
| Setting File             | ---          |
| Simulation Activity File | ---          |
| Design Nets Matched      | NA           |
+--------------------------+--------------+
* Specify Design Power Budget using, set_operating_conditions -design_power_budget <value in Watts>


1.1 On-Chip Components
----------------------

+--------------------------+-----------+----------+-----------+-----------------+
| On-Chip                  | Power (W) | Used     | Available | Utilization (%) |
+--------------------------+-----------+----------+-----------+-----------------+
| Clocks                   |     0.005 |       13 |       --- |             --- |
| Slice Logic              |     0.009 |    11489 |       --- |             --- |
|   LUT as Logic           |     0.008 |     5858 |     32600 |           17.97 |
|   LUT as Distributed RAM |    <0.001 |     1280 |      9600 |           13.33 |
|   CARRY4                 |    <0.001 |      552 |      8150 |            6.77 |
|   Register               |    <0.001 |     2224 |     65200 |            3.41 |
|   F7/F8 Muxes            |    <0.001 |      196 |     32600 |            0.60 |
|   LUT as Shift Register  |    <0.001 |       20 |      9600 |            0.21 |
|   Others                 |     0.000 |      182 |       --- |             --- |
| Signals                  |     0.010 |     9583 |       --- |             --- |
| Block RAM                |     0.007 |       36 |        75 |           48.00 |
| MMCM                     |     0.111 |        1 |         5 |           20.00 |
| DSPs                     |    <0.001 |        3 |       120 |            2.50 |
| I/O                      |     0.135 |       53 |       210 |           25.24 |
| Static Power             |     0.074 |          |           |                 |
| Total                    |     0.350 |          |           |                 |
+--------------------------+-----------+----------+-----------+-----------------+


1.2 Power Supply Summary
------------------------

+-----------+-------------+-----------+-------------+------------+-------------+-------------+------------+
| Source    | Voltage (V) | Total (A) | Dynamic (A) | Static (A) | Powerup (A) | Budget (A)  | Margin (A) |
+-----------+-------------+-----------+-------------+------------+-------------+-------------+------------+
| Vccint    |       1.000 |     0.041 |       0.030 |      0.011 |       NA    | Unspecified | NA         |
| Vccaux    |       1.800 |     0.074 |       0.061 |      0.013 |       NA    | Unspecified | NA         |
| Vcco33    |       3.300 |     0.042 |       0.041 |      0.001 |       NA    | Unspecified | NA         |
| Vcco25    |       2.500 |     0.000 |       0.000 |      0.000 |       NA    | Unspecified | NA         |
| Vcco18    |       1.800 |     0.000 |       0.000 |      0.000 |       NA    | Unspecified | NA         |
| Vcco15    |       1.500 |     0.000 |       0.000 |      0.000 |       NA    | Unspecified | NA         |
| Vcco135   |       1.350 |     0.000 |       0.000 |      0.000 |       NA    | Unspecified | NA         |
| Vcco12    |       1.200 |     0.000 |       0.000 |      0.000 |       NA    | Unspecified | NA         |
| Vccaux_io |       1.800 |     0.000 |       0.000 |      0.000 |       NA    | Unspecified | NA         |
| Vccbram   |       1.000 |     0.002 |       0.001 |      0.001 |       NA    | Unspecified | NA         |
| Vccadc    |       1.800 |     0.020 |       0.000 |      0.020 |       NA    | Unspecified | NA         |
+-----------+-------------+-----------+-------------+------------+-------------+-------------+------------+


1.3 Confidence Level
--------------------

+-----------------------------+------------+--------------------------------------------------------+------------------------------------------------------------------------------------------------------------+
| User Input Data             | Confidence | Details                                                | Action                                                                                                     |
+-----------------------------+------------+--------------------------------------------------------+------------------------------------------------------------------------------------------------------------+
| Design implementation state | High       | Design is routed                                       |                                                                                                            |
| Clock nodes activity        | High       | User specified more than 95% of clocks                 |                                                                                                            |
| I/O nodes activity          | Low        | More than 75% of inputs are missing user specification | Provide missing input activity with simulation results or by editing the "By Resource Type -> I/Os" view   |
| Internal nodes activity     | Medium     | User specified less than 25% of internal nodes         | Provide missing internal nodes activity with simulation results or by editing the "By Resource Type" views |
| Device models               | High       | Device models are Production                           |                                                                                                            |
|                             |            |                                                        |                                                                                                            |
| Overall confidence level    | Low        |                                                        |                                                                                                            |
+-----------------------------+------------+--------------------------------------------------------+------------------------------------------------------------------------------------------------------------+


2. Settings
-----------

2.1 Environment
---------------

+-----------------------+--------------------------+
| Ambient Temp (C)      | 25.0                     |
| ThetaJA (C/W)         | 4.9                      |
| Airflow (LFM)         | 250                      |
| Heat Sink             | medium (Medium Profile)  |
| ThetaSA (C/W)         | 4.6                      |
| Board Selection       | medium (10"x10")         |
| # of Board Layers     | 12to15 (12 to 15 Layers) |
| Board Temperature (C) | 25.0                     |
+-----------------------+--------------------------+


2.2 Clock Constraints
---------------------

+----------------------+---------------------------------+-----------------+
| Clock                | Domain                          | Constraint (ns) |
+----------------------+---------------------------------+-----------------+
| Clk                  | Clk                             |            10.0 |
| cam_pclk_clk         | cam_pclk                        |            80.0 |
| clk_out1_clk_wiz_0   | clk_gen/inst/clk_out1_clk_wiz_0 |            40.0 |
| clk_out1_clk_wiz_0_1 | clk_gen/inst/clk_out1_clk_wiz_0 |            40.0 |
| clk_out2_clk_wiz_0   | clk_gen/inst/clk_out2_clk_wiz_0 |             6.1 |
| clk_out2_clk_wiz_0_1 | clk_gen/inst/clk_out2_clk_wiz_0 |             6.1 |
| clk_out3_clk_wiz_0   | clk_gen/inst/clk_out3_clk_wiz_0 |            41.2 |
| clk_out3_clk_wiz_0_1 | clk_gen/inst/clk_out3_clk_wiz_0 |            41.2 |
| clkfbout_clk_wiz_0   | clk_gen/inst/clkfbout_clk_wiz_0 |            10.0 |
| clkfbout_clk_wiz_0_1 | clk_gen/inst/clkfbout_clk_wiz_0 |            10.0 |
| sys_clk_pin          | Clk                             |            10.0 |
+----------------------+---------------------------------+-----------------+


3. Detailed Reports
-------------------

3.1 By Hierarchy
----------------

+-------------------------+-----------+
| Name                    | Power (W) |
+-------------------------+-----------+
| top                     |     0.276 |
|   clk_gen               |     0.111 |
|     inst                |     0.111 |
|   fp                    |     0.007 |
|     s1                  |     0.002 |
|     s4                  |     0.001 |
|     s5                  |     0.001 |
|     s6                  |     0.001 |
|       lb                |     0.001 |
|     s7                  |     0.001 |
|   frame_buffer          |     0.007 |
|     U0                  |     0.007 |
|       inst_blk_mem_gen  |     0.007 |
|   hdmi_inst             |     0.132 |
|     inst                |     0.132 |
|   sw_sync_gen[11].sw_sf |     0.005 |
|   sw_sync_gen[2].sw_sf  |     0.007 |
+-------------------------+-----------+


